Open Watcom Linker Version 1.9
Portions Copyright (c) 1985-2002 Sybase, Inc. All Rights Reserved.
Created on:       17/02/18 17:33:30
Executable Image: Lab2.exe
creating a Windows NT character-mode executable


                        +------------+
                        |   Groups   |
                        +------------+

Group                           Address              Size
=====                           =======              ====

.idata                          00416000             00000786
DGROUP                          00417000             00013110



                        +--------------+
                        |   Segments   |
                        +--------------+

Segment                Class          Group          Address         Size
=======                =====          =====          =======         ====

BEGTEXT                CODE           AUTO           00401000        00000007
_TEXT                  CODE           AUTO           00401010        00013f80
TRANSFER CODE          CODE           AUTO           00414f90        0000019e
.idata                 .idata         .idata         00416000        00000786
_NULL                  BEGDATA        DGROUP         00417000        00000004
_AFTERNULL             BEGDATA        DGROUP         00417004        00000000
CONST                  DATA           DGROUP         00417010        00000144
_DATA                  DATA           DGROUP         00417160        00001088
XIB                    DATA           DGROUP         004181e8        00000000
XI                     DATA           DGROUP         004181e8        0000004e
XIE                    DATA           DGROUP         00418236        00000000
YIB                    DATA           DGROUP         00418236        00000000
YI                     DATA           DGROUP         00418236        00000030
YIE                    DATA           DGROUP         00418266        00000000
CONST2                 DATA           DGROUP         00418268        00000000
DATA32                 DATA           DGROUP         00418268        00000134
TIB                    DATA           DGROUP         0041839c        00000000
TI                     DATA           DGROUP         0041839c        00000000
TIE                    DATA           DGROUP         0041839c        00000000
DATA                   DATA           DGROUP         0041839c        00000000
BASE                   BASE           DGROUP         00419000        00000018
CONST32                CONST          DGROUP         00419018        00000000
_BSS                   BSS            DGROUP         00419020        000010f0
BSS32                  BSS            DGROUP         0041a110        00000000
STACK                  STACK          DGROUP         0041a110        00010000


                        +----------------+
                        |   Memory Map   |
                        +----------------+

* = unreferenced symbol
+ = symbol only referenced locally

Address        Symbol
=======        ======

Module: main.obj(C:\WATCOM\projects\lab2\main.for)
00401010       FMAIN
00401095+      CALCULATIONS
00419000+      BASE
Module: C:\WATCOM/lib386/nt\flib7.lib(cowrite)
0040142a       RT@IOWrite
00401439*      RT@OutLOG1
0040144b*      RT@OutLOG4
00401459*      RT@OutINT1
0040146b*      RT@OutINT2
0040147b*      RT@OutINT4
0040148a       RT@OutREAL
0040149a*      RT@OutDBLE
004014aa*      RT@OutXTND
004014ba*      RT@OutCPLX
004014d0*      RT@OutDBCX
004014e6*      RT@OutXTCX
004014fc       RT@OutCHAR
00401501*      RT@OutSTR
00401506*      RT@PrtArr
0040150b*      RT@PrtChArr
Module: C:\WATCOM/lib386/nt\flib7.lib(cortns)
00417188*      _FRT_SaveESP
0040151b*      SwitchToGen
00401539       SwitchToRT
00401557       RdWrCommon
004015fb       IOType_
00401619       IOChar
00401634       IOStr
00401649       IOArr
00401664       IOChArr
00401686       RT@EndIO
Module: C:\WATCOM/lib386/nt\flib7.lib(coread)
00401690       RT@IORead
0040169f*      RT@InpLOG1
004016ae*      RT@InpLOG4
004016bd*      RT@InpINT1
004016cc*      RT@InpINT2
004016db*      RT@InpINT4
004016ea       RT@InpREAL
004016f9*      RT@InpDBLE
00401708*      RT@InpXTND
00401717*      RT@InpCPLX
00401726*      RT@InpDBCX
00401735*      RT@InpXTCX
00401744*      RT@InpCHAR
00401749*      RT@InpSTR
0040174e*      RT@InpArr
00401753*      RT@InpChArr
Module: C:\WATCOM/lib386/nt\flib7.lib(setunit.c)
00401760       RT@SetUnit
Module: C:\WATCOM/lib386/nt\flib7.lib(setfile.c)
004017a0       RT@SetFile
Module: C:\WATCOM/lib386/nt\flib7.lib(exopen.c)
00401ef0       RT@IOOpen
004171a8+      _AccModTab
004171b8+      _FormTab
004171c4+      _OpStatTab
004171d8+      _BlnkTab
004171e4+      _RecFmTab
004171f4+      _CCtrlTab
00417200+      _ActionTab
00417210+      _ShareTab
Module: C:\WATCOM/lib386/nt\flib7.lib(setfmt.c)
00401f10       RT@SetFmt
Module: C:\WATCOM/lib386\math387r.lib(fchop87)
00401f30       __CHP
Module: C:\WATCOM/lib386\math387r.lib(trig87)
00401f95*      sin_
00401f89*      cos_
00401fb6*      tan_
00401f48*      IF@COS
00401f48*      IF@DCOS
00401f52*      IF@SIN
00401f52*      IF@DSIN
00401fa1       IF@TAN
00401fa1*      IF@DTAN
Module: C:\WATCOM/lib386/nt\flib7.lib(exclose.c)
004020c0       RT@IOClose
Module: C:\WATCOM/lib386/nt\clib3r.lib(cstrtwnt)
004020d6       _cstart_
004020d6*      mainCRTStartup
Module: C:\WATCOM/lib386/nt\clib3r.lib(_8087)
00417244       __8087
00417245       __real87
Module: C:\WATCOM/lib386/nt\emu387.lib(386)
00402134       __init_387_emulator
00402135*      __fini_387_emulator
Module: C:\WATCOM/lib386/nt\flib7.lib(initeng.c)
00419020       __init_english
Module: C:\WATCOM/lib386/nt\flib7.lib(initerr.c)
00419024       __init_error
Module: C:\WATCOM/lib386/nt\flib7.lib(exwrite.c)
004021b0       DoWrite_
Module: C:\WATCOM/lib386/nt\flib7.lib(setiocb.c)
004021e0       RT@SetIOCB
Module: C:\WATCOM/lib386/nt\flib7.lib(rdata.c)
00419030       _IORslt
00419040       _FmtBuff
00419044*      _Fmt_revert
00419048*      _Fmt_start
0041904c*      _Fmt_paren_level
00419050*      _Fmt_charptr
00419054*      _FmtEmStruct
00419058       _IOTypeRtn
0041905c*      _Fmt_end
00419060*      _Fmt_rep_spec
00419064       _FmtRoutine
00419068       _IOCB
0041906c       _Files
00419070*      _Fmt_delimited
Module: C:\WATCOM/lib386/nt\flib7.lib(iomain.c)
00402270       __ReleaseIOSys_
00402290       IOMain_
Module: C:\WATCOM/lib386/nt\clib3r.lib(crwdata)
0041728c       __osmajor
0041728d       __osminor
0041728e       __osbuild
00417290       __osver
00417294       __winmajor
00417298       __winminor
0041729c       __winver
00417258       __LpDllName
0041725c       __LpwCmdLine
00417260       __LpwPgmName
00417264       __LpwDllName
00417250       __LpCmdLine
00417254       __LpPgmName
00417248*      __dynend
0041724c       __curbrk
00417268*      __STACKLOW
0041726c       __STACKTOP
00417270       __ASTACKSIZ
00417274       __ASTACKPTR
00417278*      __cbyte
0041727c*      __cbyte2
00417280*      __child
00417286       __Envptr
0041728a*      __Envseg
00417284       __no87
004172a0       ___FPE_handler
Module: C:\WATCOM/lib386/nt\flib7.lib(thrdutil.c)
004024a0*      __InitMultiThreadIO_
004172a8       ___SwitchStkLow
Module: C:\WATCOM/lib386/nt\flib7.lib(exread.c)
00402530       DoRead_
Module: C:\WATCOM/lib386/nt\flib7.lib(rtutls.c)
00402580       FindFtnFile_
00402670       RChkAlloc_
004026a0       F_Connect_
00402720       ConnectFile_
00402730       GetFileInfo_
00402820       DiscoFile_
00402890*      ChkFileName_
004028c0+      ChkLogFile_
00402900       ChkIOOperation_
00402940       GetIOErr_
00402950       ChkIOErr_
00402970       ChkUnitId_
004029b0*      ChkConnected_
004029d0       SetEOF_
00402a00       ClearEOF_
00402a40       SysEOF_
00402a70       IsFixed_
00402a80       IsCarriage_
00402a90*      ChkRecordStructure_
00402ac0*      ChkSequential_
00402ae0*      ChkExist_
00402b10       StrItem_
Module: C:\WATCOM/lib386/nt\flib7.lib(exutil.c)
00402b90       FindKWord_
00402c20*      ClrBuff_
004172ac       _SpecId
Module: C:\WATCOM/lib386/nt\flib7.lib(ioerr.c)
00402c70       IOErr_
Module: C:\WATCOM/lib386/nt\flib7.lib(rtsysutl.c)
00402d00       GetSysIOInfo_
00402d20       GetSysFileInfo_
00402d50       IsDevice_
00402f20       OpenAction_
00402f60*      DfltRecType_
00402f80+      _FileAttrs_
00403040       CloseFile_
004030b0       Scrtched_
004030d0       CloseDeleteFile_
00403120       Errf_
00403140       FPutBuff_
004031b0       FGetBuff_
00403200       SeekFile_
00403220       NoEOF_
00403230       SysClearEOF_
00403240       SameFile_
00403250*      Rewindf_
00403270       SysCreateFile_
004032b0       CheckLogicalRecord_
004032d0       SkipLogicalRecord_
004032f0*      BackSpacef_
00403320*      EndFilef_
00403360       GetIOErrMsg_
004033a0       ReportNExist_
004033c0       ReportEOF_
004033d0*      WaitForEnter_
Module: C:\WATCOM/lib386/nt\flib7.lib(runmain.c)
004033e0*      __InitUnit6CC_
004033f0       __DevicesCC_
00403400*      __InitAllowCommaSeparator_
00403410       __AllowCommaSep_
00403420+      _InitIO_
00403490+      CloseAllFiles_
004034d0*      _FiniEx_
004034d0       RunExit_
00403510       RunEntry_
Module: C:\WATCOM/lib386/nt\flib7.lib(rdwr.c)
00403540       DoOpen_
00403570+      _AllocBuffer_
004035b0       IOPrologue_
004037f0       UpdateRecNum_
Module: C:\WATCOM/lib386/nt\flib7.lib(rfmtexec.c)
00404160       R_FExec_
Module: C:\WATCOM/lib386/nt\clib3r.lib(chipvar)
004172d8       ___chipbug
004172d8       __chipbug
Module: C:\WATCOM/lib386/nt\clib3r.lib(chipt32.asm)
0040418c       __fptan_chk
Module: C:\WATCOM/lib386/nt\clib3r.lib(main2wnt.c)
00404240       __NTMain
Module: C:\WATCOM/lib386/nt\clib3r.lib(segdefns)
00401003       ___begtext
00417000*      __nullarea
004181e8       __Start_XI
00418236       __End_XI
00418236       __Start_YI
00418266       __End_YI
Module: C:\WATCOM/lib386/nt\clib3r.lib(chk8087.c)
004042c0*      _fpreset_
00404300       __chk8087_
00404310*      __init_8087_
Module: C:\WATCOM/lib386/nt\flib7.lib(english.c)
00404360       __UseEnglishCharSet_
Module: C:\WATCOM/lib386/nt\flib7.lib(errincl.c)
00404470       __InitError_
004172dc+      _PGroupTable
004172e0+      _PErrWord
Module: C:\WATCOM/lib386/nt\flib7.lib(unfmtout.c)
00404570       UnFmtOut_
Module: C:\WATCOM/lib386/nt\flib7.lib(freeout.c)
004049c0       FreeOut_
004172e4+      _OutRtn
Module: C:\WATCOM/lib386/nt\flib7.lib(rtinit.c)
00417318       ___FAppType
0041731c       __ExceptionInit
00417320       __ExceptionFini
00404ab0*      __InitFThreadData_
00404af0+      RTSysFini_
00404b00       RTSysInit_
00417328       __AccessFIO
0041732c       __ReleaseFIO
00417330       __PartialReleaseFIO
00419078       ___FThreadDataOffset
00418206*      ___fthread_data_size
Module: C:\WATCOM/lib386/nt\clib3r.lib(mainwnt.c)
00417334       ___TlsIndex
00417338       ___FirstThreadData
0041733c       ___GetThreadPtr
00417340       __AccessFileH
00417344       __ReleaseFileH
00417348       __AccessIOB
0041734c       __ReleaseIOB
00417350       __AccessNHeap
00417354       __AccessFHeap
00417358       __ReleaseNHeap
00404b70*      __threadid_
00404b90+      __sig_null_rtn_
00404ba0+      __NTInit_
00404d80+      __NTFini_
00404de0       __NTMainInit_
00404e40       __exit_
0041735c       __ReleaseFHeap
00417360       __AccessTDList
00417364       __ReleaseTDList
00417368       __AccessFList
0041736c       __ReleaseFList
00417370       __ThreadExitRtn
00417374       ___sig_init_rtn
00417378       ___sig_fini_rtn
0041737c       ___process_fini
00419084       ___Is_DLL
Module: C:\WATCOM/lib386/nt\flib7.lib(ioinit.c)
00404ea0       IOSysInit_
Module: C:\WATCOM/lib386/nt\flib7.lib(rterr.c)
00417384+      _TraceRoutine
00404ef0+      FlushStdUnit_
00404f40+      WriteErr_
00405010       ErrHandler_
00405050       RTErr_
00417390+      LG@ERR_HOOK
Module: C:\WATCOM/lib386/nt\flib7.lib(spawn.c)
00405080       Spawn_
004050e0       Suicide_
Module: C:\WATCOM/lib386/nt\flib7.lib(unfmtin.c)
00405120       UnFmtIn_
004051c0+      NextUnFmtRec_
Module: C:\WATCOM/lib386/nt\flib7.lib(freein.c)
004055a0+      GetNum_
004057a0       FreeIn_
004057b0*      DoFreeIn_
004057e0+      BumpComma_
00405810+      Blanks_
00405830+      CheckEor_
Module: C:\WATCOM/lib386/nt\flib7.lib(fdutil.c)
00405e40       LocFile_
00405e50       LocUnit_
00405e80       ExtractInfo_
Module: C:\WATCOM/lib386/nt\flib7.lib(rstdio.c)
00405fb0       _InitStandardInput_
00405fe0       _InitStandardOutput_
Module: C:\WATCOM/lib386/nt\flib7.lib(rmemmgr.c)
00406010       RMemAlloc_
00406020       RMemFree_
Module: C:\WATCOM/lib386/nt\clib3r.lib(memset.c)
00406030       memset_
Module: C:\WATCOM/lib386/nt\flib7.lib(deffname.c)
00417394       _DefFName
Module: C:\WATCOM/lib386/nt\flib7.lib(stracc.c)
00406050       TrimStr_
00406090       GetStr_
Module: C:\WATCOM/lib386/nt\clib3r.lib(memicmp.c)
004060c0       memicmp_
Module: C:\WATCOM/lib386/nt\flib7.lib(blderr.c)
00406180       Substitute_
00406340       ErrCodOrg_
Module: C:\WATCOM/lib386/nt\clib3r.lib(accsswnt.c)
00406350       access_
Module: C:\WATCOM/lib386/nt\clib3r.lib(fullpath.c)
00406390+      _sys_fullpath_
00406410       _fullpath_
Module: C:\WATCOM/lib386/nt\clib3r.lib(fstatwnt.c)
00406480       fstat_
Module: C:\WATCOM/lib386/nt\flib7.lib(poserr.c)
004067e0       Errorf_
00406800*      EOFile_
00406820       ErrorMsg_
00406860       FSetTrunc_
00406870       FSetSysErr_
00406890       FSetErr_
004068b0       FSetEof_
004068d0       IOOk_
Module: C:\WATCOM/lib386/nt\clib3r.lib(statwnt.c)
004069f5       stat_
Module: C:\WATCOM/lib386/nt\flib7.lib(posopen.c)
00406c30       InitStd_
00406cf0       SetIOBufferSize_
00406d10+      _AllocFile_
00406e00       Openf_
00406ef0       Closef_
Module: C:\WATCOM/lib386/nt\flib7.lib(posdat.c)
00417584       _FStdIn
00417588       _FStdOut
0041758c       _FStdErr
Module: C:\WATCOM/lib386/nt\flib7.lib(posflush.c)
00406f70       FlushBuffer_
Module: C:\WATCOM/lib386/nt\flib7.lib(posdel.c)
00407020       Scratchf_
Module: C:\WATCOM/lib386/nt\clib3r.lib(nodefwin.c)
00417590*      __WindowsIsWindowedHandle
00417594*      __WindowsRemoveWindowedHandle
00417598*      __WindowsNewWindow
0041759c*      __WindowsCloseWindow
004175a0*      __WindowsSetAbout
004175a4*      __WindowsSetAppTitle
004175a8*      __WindowsSetConTitle
004175ac*      __WindowsDestroyOnClose
004175b0*      __WindowsYieldControl
004175b4*      __WindowsShutDown
004175b8*      __WindowsStdin
004175bc       __WindowsStdout
004175c0*      __WindowsKbhit
004175c4*      __WindowsGetch
004175c8*      __WindowsGetche
004175cc*      __WindowsPutch
00407040*      _dwShutDown_
00407040*      _dwYield_
00407040*      _dwSetConTitle_
00407040*      _dwSetAppTitle_
00407040*      _dwSetAboutDlg_
00407040       _dwDeleteOnClose_
004175d0*      __WindowsExitRtn
004196a0*      __init_default_win
Module: C:\WATCOM/lib386/nt\flib7.lib(posput.c)
00407050       FPutRec_
00407090       ChopFile_
004070e0*      PutRec_
00407200       writebytes_
00407280       SysWrite_
Module: C:\WATCOM/lib386/nt\flib7.lib(posget.c)
004073c0       readbytes_
00407490       SysRead_
00407900       FGetRec_
00407930*      GetRec_
00407950       GetStdChar_
004079a0       FCheckLogical_
00407a20       FSkipLogical_
00407af0*      FGetVarRecLen_
Module: C:\WATCOM/lib386/nt\flib7.lib(posseek.c)
00407be0       FSeekRec_
00407c20       CurrFileOffset_
00407c20       FGetFilePos_
00407c40       SysSeek_
00407e30*      FSeekAbs_
Module: C:\WATCOM/lib386/nt\clib3r.lib(stricmp.c)
00407e40       stricmp_
Module: C:\WATCOM/lib386/nt\flib7.lib(posrew.c)
00407e80       FRewind_
Module: C:\WATCOM/lib386/nt\flib7.lib(posback.c)
00407ef0       FBackspace_
Module: C:\WATCOM/lib386/nt\flib7.lib(postrunc.c)
00407fd0       FTruncate_
Module: C:\WATCOM/lib386/nt\clib3r.lib(errno.c)
00407ff0       __get_errno_ptr_
00408000*      __get_doserrno_ptr_
Module: C:\WATCOM/lib386/nt\flib7.lib(sdfile.c)
004175d4*      _FFCtrlSeq
004175d6*      _SkipCtrlSeq
004175d8       _NormalCtrlSeq
004175da       _SDTermIn
004175de       _SDTermOut
004175e2*      _SDPrtName
Module: C:\WATCOM/lib386/nt\flib7.lib(wrutils.c)
00408010       F_SendData_
00408070*      SendLine_
00408080       SendEOR_
00408110*      SendInt_
00408140       SendStr_
00408160+      SendWSLStr_
00408180       SendChar_
004081a0       Drop_
00408360       IOItemResult_
Module: C:\WATCOM/lib386/nt\flib7.lib(rfmtutil.c)
00408410       R_ChkType_
00408440       R_NewRec_
00408480       R_ChkIType_
004084b0       R_ChkFType_
004084e0       R_ChkRecLen_
00408500+      GetLen_
00408540       R_FOStr_
00408550*      FOString_
004085c0       R_FIStr_
00408680       R_FOLog_
004086d0       R_FILog_
004087b0       R_FIFloat_
004089a0       GetReal_
00408ab0       R_FOF_
00408b30       R_FOE_
00408c70+      FmtH2B_
00408d60       R_FIHex_
00408ee0       R_FOHex_
00408ef0*      FOHex_
00408ff0       R_FIInt_
00409100       R_FOInt_
00409360       R_FOG_
004095e0+      ChkBuffLen_
Module: C:\WATCOM/lib386/nt\flib7.lib(arrayio.c)
004096a0       ArrayIOType_
Module: C:\WATCOM/lib386/nt\clib3r.lib(chipbug.c)
00409720       __verify_pentium_fdiv_bug_
Module: C:\WATCOM/lib386/nt\clib3r.lib(initrtns.c)
00409790       __InitRtns
004097e0       __FiniRtns
Module: C:\WATCOM/lib386/nt\clib3r.lib(mthrdini.c)
00409840       __InitThreadData_
004175e8       ___ThreadDataSize
Module: C:\WATCOM/lib386/nt\clib3r.lib(cmain386.c)
00409870       __CMain
Module: C:\WATCOM/lib386/nt\clib3r.lib(dosseg)
00001234       __DOSseg__
Module: C:\WATCOM/lib386/nt\clib3r.lib(8087cw.c)
004175ec       __8087cw
Module: C:\WATCOM/lib386/nt\clib3r.lib(save8087.c)
004175f0       ___Save8087
004175f4       ___Rest8087
Module: C:\WATCOM/lib386/nt\clib3r.lib(init8087)
004098b4       __x87id
Module: C:\WATCOM/lib386/nt\flib7.lib(csetinfo.c)
004196a4       _CharSetInfo
Module: C:\WATCOM/lib386/nt\flib7.lib(errmsg.c)
00409c20       _GroupTable
00409cd0       _ErrWord
Module: C:\WATCOM/lib386/nt\flib7.lib(errrtns.c)
004196b8       ___ErrorFini
004196bc       ___ErrorInit
004196c0       ___BldErrMsg
Module: C:\WATCOM/lib386/nt\flib7.lib(unfmtutl.c)
0040a300       _SizeVars
Module: C:\WATCOM/lib386/nt\flib7.lib(undefcg.c)
0040a3a0       OutLogCG_
0040a3b0       OutIntCG_
0040a3f0+      FmtRealCG_
0040a420+      FmtDoubleCG_
0040a450+      FmtExtendedCG_
0040a480+      UndefIntCG_
0040a480+      UndefLogCG_
0040a480+      UndefExtendedCG_
0040a480+      UndefDoubleCG_
0040a480+      UndefRealCG_
0040a490+      GetRealCG_
004175f8       _FmtRealRtn
004175fc       _FmtDoubleRtn
00417600       _FmtExtendedRtn
00417604       _SendStrRtn
00417608       _UndefRealRtn
0041760c       _UndefDoubleRtn
00417610       _UndefExtendedRtn
00417614       _UndefLogRtn
00417618       _UndefIntRtn
0041761c       _GetRealRtn
Module: C:\WATCOM/lib386/nt\flib7.lib(cctrl.c)
0040a4a0       CheckCCtrl_
Module: C:\WATCOM/lib386/nt\flib7.lib(rttraps.c)
0040a600       __EnableF77RTExceptionHandling_
0040a610       R_TrapInit_
0040a6a0       R_TrapFini_
0040a6b0*      __InitExceptionVectors_
Module: C:\WATCOM/lib386/nt\clib3r.lib(atexit.c)
0040a6c5       atexit_
Module: C:\WATCOM/lib386/nt\clib3r.lib(regdata.c)
0040a720       __RegisterThreadDataSize_
Module: C:\WATCOM/lib386/nt\clib3r.lib(hdlman.c)
00417620+      ___NHandles
00417624+      ___OSHandles
00417628+      ___FakeHandles
0040a750+      __growPOSIXHandles_
0040a7f0       __allocPOSIXHandle_
0040a8b0       __freePOSIXHandle_
0040a8d0       __getOSHandle_
0040a8e0       __setOSHandle_
0040a930+      __NTGetFakeHandle_
0040a9a0       __initPOSIXHandles_
0040aa80*      __set_handles_
0040aa90*      _grow_handles_
Module: C:\WATCOM/lib386/nt\clib3r.lib(environ.c)
00419748       ___env_mask
0041974c       _environ
00419750       __wenviron
Module: C:\WATCOM/lib386/nt\clib3r.lib(getmodfn.c)
0040aad0       __lib_GetModuleFileNameW_
Module: C:\WATCOM/lib386/nt\clib3r.lib(strdup.c)
0040ab70       __clib_strdup_
Module: C:\WATCOM/lib386/nt\clib3r.lib(istable.c)
0040abb0       __IsTable
Module: C:\WATCOM/lib386/nt\clib3r.lib(ustrdup.c)
0040acb1       __clib_wcsdup_
Module: C:\WATCOM/lib386/nt\clib3r.lib(nfree.c)
0040ace0       _nfree_
0040ace0       free_
00419754       ___MiniHeapFreeRover
Module: C:\WATCOM/lib386/nt\clib3r.lib(excptwnt.c)
0040b450+      ___ReportException@4
0040b8a0       __DefaultExceptionHandler_
0040b8e0+      ___ExceptionFilter
0040baf0       __NewExceptionFilter_
0040bb20       __DoneExceptionFilter_
00417634       ___oscode_check_func
00417638       ___raise_func
00419758*      _sw
0041975c       ___ExceptionHandled
0041975d+      ___ReportInvoked
Module: C:\WATCOM/lib386/nt\clib3r.lib(stklmwnt.c)
0040bb60       __init_stack_limits_
Module: C:\WATCOM/lib386/nt\flib7.lib(errutil.c)
0040bbd0       BldErrCode_
0040bc30*      MsgFormat_
0040bc60*      MsgBuffer_
00417650+      _PGrpCodes
Module: C:\WATCOM/lib386/nt\clib3r.lib(enterdb.c)
0040bc90       __EnterWVIDEO_
00417654       ___WD_Present
Module: C:\WATCOM/lib386/nt\flib7.lib(stdio.c)
0040bcd0       StdBuffer_
0040bcf0+      StdWrite_
0040bdd0       StdFlush_
0040be00       StdWriteNL_
Module: C:\WATCOM/lib386/nt\clib3r.lib(setjmp)
0040be28       _setjmp_
0040be61       longjmp_
Module: C:\WATCOM/lib386/nt\clib3r.lib(exit.c)
0040bee9+      __null_int23_exit_
0040beea       exit_
0040bf3a*      _exit_
00417a60+      ___int23_exit
00417a64+      ___FPE_handler_exit
Module: C:\WATCOM/lib386/nt\flib7.lib(rdutils.c)
0040bf50       NextRec_
Module: C:\WATCOM/lib386/nt\clib3r.lib(toupper.c)
0040c060       toupper_
Module: C:\WATCOM/lib386/nt\flib7.lib(chrutils.c)
0040c070       JmpBlanks_
Module: C:\WATCOM/lib386/nt\flib7.lib(fmtcnvt.c)
0040c090       FmtS2I_
0040c1c0       FmtS2F_
Module: C:\WATCOM/lib386/nt\clib3r.lib(getenv.c)
0040c590       getenv_
Module: C:\WATCOM/lib386/nt\clib3r.lib(ltoa.c)
0040c620       ultoa_
0040c670       ltoa_
Module: C:\WATCOM/lib386/nt\clib3r.lib(nmalloc.c)
0040c6a0       _nmalloc_
0040c6a0       malloc_
00417a68       ___nheapbeg
00417a6c       ___MiniHeapRover
00417a70       ___LargestSizeB4MiniHeapRover
Module: C:\WATCOM/lib386/nt\clib3r.lib(__stos)
0040c7a0       __STOSB
0040c7d7*      __STOSD
Module: C:\WATCOM/lib386/nt\clib3r.lib(memmove.c)
0040c850       memmove_
Module: C:\WATCOM/lib386/nt\clib3r.lib(itoa.c)
0040c8b0       utoa_
0040c900       itoa_
Module: C:\WATCOM/lib386/nt\clib3r.lib(fgtattr.c)
0040c930       __fixed_GetFileAttributesA_
Module: C:\WATCOM/lib386/nt\clib3r.lib(dosret.c)
0040c9d0*      _dosretax_
0040c9e0*      _dosret0_
0040c9f0       __set_errno_dos_
0040ca20*      __set_errno_dos_reterr_
0040ca30       __set_errno_nt_
0040ca40*      __set_errno_nt_reterr_
Module: C:\WATCOM/lib386/nt\clib3r.lib(seterrno.c)
0040ca54       __set_errno_
0040ca62*      __set_EDOM_
0040ca70       __set_ERANGE_
0040ca7e*      __set_EINVAL_
0040ca91       __set_doserrno_
Module: C:\WATCOM/lib386/nt\clib3r.lib(gtcwdwnt.c)
0040caa0       getcwd_
Module: C:\WATCOM/lib386/nt\clib3r.lib(iomode.c)
0040cb30       __GetIOMode_
0040cb50       __SetIOMode_nogrow_
00417b78       ___NFiles
00417b7c       ___init_mode
00417bcc       ___io_mode
Module: C:\WATCOM/lib386/nt\clib3r.lib(iomodtty.c)
0040cb70       __ChkTTYIOMode_
0040cbb0       __IOMode_
Module: C:\WATCOM/lib386/nt\clib3r.lib(ntdirinf.c)
0040cbd0       __MakeDOSDT_
0040cc00*      __FromDOSDT_
0040cc30*      __GetNTDirInfo_
0040cc70*      __NTFindNextFileWithAttr_
Module: C:\WATCOM/lib386/nt\clib3r.lib(d2ttime.c)
0040ccd0       _d2ttime_
Module: C:\WATCOM/lib386/nt\clib3r.lib(strerror.c)
0040d070       strerror_
0040d090*      _strerror_
0040d160*      _doserror_
00417bd0+      __sys_errlist
00417c74+      __sys_nerr
Module: C:\WATCOM/lib386/nt\clib3r.lib(_strcmp)
0040d190       strcmp_
Module: C:\WATCOM/lib386/nt\clib3r.lib(mbspbrk.c)
0040d2d0       _mbspbrk_
Module: C:\WATCOM/lib386/nt\clib3r.lib(mbsinc.c)
0040d320       _mbsinc_
Module: C:\WATCOM/lib386/nt\clib3r.lib(tolower.c)
0040d350       tolower_
Module: C:\WATCOM/lib386/nt\clib3r.lib(stiomode.c)
0040d360       __grow_iomode_
0040d430+      __shrink_iomode_
0040d470       __SetIOMode_
Module: C:\WATCOM/lib386/nt\clib3r.lib(close.c)
0040d4e0       close_
Module: C:\WATCOM/lib386/nt\clib3r.lib(openwnt.c)
0040d700*      open_
0040d720       sopen_
Module: C:\WATCOM/lib386/nt\clib3r.lib(lseek.c)
0040d750       lseek_
Module: C:\WATCOM/lib386/nt\flib7.lib(poscc.c)
0040d7a0*      __LineFeedWithFormFeed_
0040d7b0       FSetCC_
Module: C:\WATCOM/lib386/nt\clib3r.lib(write.c)
0040da60       write_
Module: C:\WATCOM/lib386/nt\clib3r.lib(unlnkwnt.c)
0040dcc0       unlink_
Module: C:\WATCOM/lib386/nt\clib3r.lib(chsizwnt.c)
0040dd40       chsize_
Module: C:\WATCOM/lib386/nt\clib3r.lib(read.c)
0040de30       read_
Module: C:\WATCOM/lib386/nt\flib7.lib(ifile.c)
0040dfc0       SendIFBuff_
0040dff0       NextIFBuff_
Module: C:\WATCOM/lib386/nt\flib7.lib(rfmtlog.c)
0040e030       R_FmtLog_
Module: C:\WATCOM/lib386/nt\flib7.lib(fmtrtns.c)
0040e060       R_F2E_
0040e1d0       R_F2F_
0040e360       SetMaxPrec_
Module: C:\WATCOM/lib386/nt\flib7.lib(flt86.c)
0040e370       _P1d100
0040e378       _P1d_99
Module: C:\WATCOM/lib386\math387r.lib(pow87)
0040e4d9*      pow_
0040e380       IF@DPOW
0040e380*      IF@POW
Module: C:\WATCOM/lib386/nt\flib7.lib(hexcnv.c)
0040e500       Hex_
0040e520*      HSToB_
0040e590       BToHS_
Module: C:\WATCOM/lib386/nt\clib3r.lib(strupr.c)
0040e5e0       strupr_
Module: C:\WATCOM/lib386/nt\clib3r.lib(cinit.c)
0040e600       __CommonInit_
Module: C:\WATCOM/lib386/nt\clib3r.lib(___argc.c)
00419868       ____Argc
0041986c       ____Argv
Module: C:\WATCOM/lib386/nt\flib7.lib(rtmain.c)
0040e610       main_
Module: C:\WATCOM/lib386/nt\flib7.lib(expchk.c)
0040e630       ToFFormat_
Module: C:\WATCOM/lib386/nt\clib3r.lib(signlwnt.c)
00417c80+      __SignalTable
0040e680+      __SetSignalFunc_
0040e6d0+      __GetSignalFunc_
0040e700+      __GetSignalOSCode_
0040e730+      __CheckSignalExCode_
0040e870+      __sigabort_
0040e880       __sigfpe_handler_
0040e8d0       signal_
0040e960+      raise_
0040e9d0+      __SigInit_
0040ea20+      __SigFini_
0040ea60+      __sig_init_
Module: C:\WATCOM/lib386/nt\flib7.lib(fptraps.c)
0040eb40*      __MaskDefaultFPE_
0040eb60       FPTrapInit_
0040eb90       FPTrapFini_
Module: C:\WATCOM/lib386/nt\clib3r.lib(trdlist.c)
0040ec00       __GetThreadData_
0040ec50       __ReallocThreadData_
0040ed40       __AddThreadData_
0040edc0       __RemoveThreadData_
0040ee20       __ResizeThreadDataList_
0040ee50       __FreeThreadDataList_
0040ee80*      __ActiveThreads_
Module: C:\WATCOM/lib386/nt\clib3r.lib(nrealloc.c)
0040eea0*      _nrealloc_
0040eea0       realloc_
Module: C:\WATCOM/lib386/nt\clib3r.lib(setenvp.c)
0040ef20       __setenvp_
0040efe0       __freeenvp_
Module: C:\WATCOM/lib386/nt\clib3r.lib(ustrlen.c)
0040f02d       wcslen_
Module: C:\WATCOM/lib386/nt\clib3r.lib(memcpy.c)
0040f040       memcpy_
Module: C:\WATCOM/lib386/nt\clib3r.lib(mem.c)
0040f060       __MemAllocator
0040f110       __MemFree
Module: C:\WATCOM/lib386/nt\clib3r.lib(conutwnt.c)
0040f260*      __NTRealKey_
0040f310*      __NTConsoleInput_
0040f320       __NTConsoleOutput_
Module: C:\WATCOM/lib386/nt\clib3r.lib(fclex387.c)
0040f330       _ClearFPE_
Module: C:\WATCOM/lib386/nt\flib7.lib(errgrp.c)
0040f340       _GrpCodes
Module: C:\WATCOM/lib386/nt\clib3r.lib(iob.c)
00417cf4       ___iob
00417efc       __fmode
00419878       ___OpenStreams
0041987c       ___ClosedStreams
Module: C:\WATCOM/lib386/nt\clib3r.lib(setmd.c)
0040f3d0       setmode_
Module: C:\WATCOM/lib386/nt\clib3r.lib(ljmphdl.c)
00417f00       ___longjmp_handler
Module: C:\WATCOM/lib386/nt\flib7.lib(intarith.c)
0040f4d0       AddIOFlo_
0040f4e0*      SubIOFlo_
0040f4f0       MulIOFlo_
Module: C:\WATCOM/lib386\math387r.lib(strtod.c)
0040fa13+      __Strtold_
0040fb7a       strtod_
Module: C:\WATCOM/lib386/nt\clib3r.lib(mbterm.c)
0040fcc0       _mbterm_
Module: C:\WATCOM/lib386/nt\clib3r.lib(mbsnextc.c)
0040fd00       _mbsnextc_
Module: C:\WATCOM/lib386/nt\clib3r.lib(mbcupper.c)
0040fd40       _mbctoupper_
Module: C:\WATCOM/lib386/nt\clib3r.lib(alphabet.c)
004170f8       ___Alphabet
Module: C:\WATCOM/lib386/nt\clib3r.lib(nmemneed.c)
0040fd70       __nmemneed_
Module: C:\WATCOM/lib386/nt\clib3r.lib(grownear.c)
0040fee0       __ExpandDGROUP_
Module: C:\WATCOM/lib386/nt\clib3r.lib(isattwnt.c)
0040ff00       isatty_
Module: C:\WATCOM/lib386/nt\clib3r.lib(strncpy.c)
0040ff20       strncpy_
Module: C:\WATCOM/lib386/nt\clib3r.lib(mktime.c)
0040ff60       mktime_
Module: C:\WATCOM/lib386/nt\clib3r.lib(mbschr.c)
0040fff0       _mbschr_
Module: C:\WATCOM/lib386/nt\clib3r.lib(mbisdbcs.c)
00419880       ___IsDBCS
Module: C:\WATCOM/lib386/nt\clib3r.lib(mbislead.c)
00410050*      _ismbblead_
00419884       ___MBCSIsTable
Module: C:\WATCOM/lib386/nt\clib3r.lib(_clsewnt.c)
00410070       __close_
Module: C:\WATCOM/lib386/nt\clib3r.lib(ntfio.c)
004100d0*      __GetNTCreateAttr_
00410110       __GetNTAccessAttr_
00410140       __GetNTShareAttr_
Module: C:\WATCOM/lib386/nt\clib3r.lib(umaskval.c)
00417f04       ___umaskval
Module: C:\WATCOM/lib386/nt\clib3r.lib(__lseek.c)
004101a0       __lseek_
Module: C:\WATCOM/lib386/nt\clib3r.lib(stackwnt.c)
004101e0       stackavail_
Module: C:\WATCOM/lib386/nt\clib3r.lib(stk)
004101f1*      __CHK
00410201*      __STK
00410220       __STKOVERFLOW_
00410230*      __GRO
00410250*      __alloca_probe
Module: C:\WATCOM/lib386\math387r.lib(ldcvt.c)
00410343       _LDScale10x_
004108ea       __LDcvt_
Module: C:\WATCOM/lib386\math387r.lib(pow87e.c)
00410d37       __pow87_err_
Module: C:\WATCOM/lib386\math387r.lib(exp87)
00410e27*      exp_
00410dc0*      __@DEXP1
00410dc8*      IF@EXP
00410dc8*      IF@DEXP
00410dca       __@DEXP
Module: C:\WATCOM/lib386/nt\clib3r.lib(chipd32.asm)
00410f4b       __fdiv_fpr
0041140d*      __fdiv_chk
00411420*      __fdiv_m32
0041146d*      __fdiv_m64
004114ba*      __fdiv_m32r
00411507*      __fdiv_m64r
Module: C:\WATCOM/lib386/nt\clib3r.lib(argcv.c)
00419988       __argc
0041998c       __argv
00419990       ___argv
00419994       ___argc
Module: C:\WATCOM/lib386/nt\clib3r.lib(abort.c)
00411575*      abort_
00411587       __terminate_
00417fd0       ___abort
Module: C:\WATCOM/lib386/nt\clib3r.lib(cntrl87.c)
004115a0       _control87_
Module: C:\WATCOM/lib386/nt\clib3r.lib(mthread.c)
00411780+      __CloseSemaphore_
004117c0+      __AccessIOB_
004117d0+      __ReleaseIOB_
004117e0+      __AccessFileH_
004117f0+      __ReleaseFileH_
00411800+      __AccessNHeap_
00411810+      __ReleaseNHeap_
00411820+      __AccessFHeap_
00411830+      __ReleaseFHeap_
00411840+      __AccessTDList_
00411850+      __ReleaseTDList_
00411860+      __AccessFList_
00411870+      __AccessSemaphore_
004118d0+      __ReleaseFList_
004118e0+      __ReleaseSemaphore_
00411910+      __MultipleThread_
00411960+      __AllocInitThreadData_
004119b0*      __FreeInitThreadData_
004119c0       __NTThreadInit_
00411a30       __NTAddThread_
00411a80       __NTRemoveThread_
00411b10       __InitMultipleThread_
00417fd4+      ___AccessSema4
00417fd8+      ___ReleaseSema4
00417fdc+      ___CloseSema4
Module: C:\WATCOM/lib386/nt\clib3r.lib(xmsgwnt.c)
00411cd0+      __exit_with_msg_
00411d30       __fatal_runtime_error_
Module: C:\WATCOM/lib386/nt\clib3r.lib(calloc.c)
00411d50       calloc_
Module: C:\WATCOM/lib386/nt\clib3r.lib(register.c)
00411d80       __initthread_
00411d90*      _beginthread_
00411da0       _endthread_
00411db0*      __RegisterThreadData_
Module: C:\WATCOM/lib386/nt\clib3r.lib(nmsize.c)
00411e00       _nmsize_
00411e00*      _msize_
Module: C:\WATCOM/lib386/nt\clib3r.lib(nexpand.c)
00411e10       _nexpand_
00411e10*      _expand_
00411e50+      __HeapManager_expand_
Module: C:\WATCOM/lib386/nt\clib3r.lib(dofilstr.c)
00412030       __ParsePosixHandleStr_
Module: C:\WATCOM/lib386/nt\clib3r.lib(clearenv.c)
00412150       clearenv_
Module: C:\WATCOM/lib386/nt\clib3r.lib(initfile.c)
00412210       __InitFiles_
Module: C:\WATCOM/lib386/nt\clib3r.lib(ioexit.c)
00412310*      fcloseall_
00412320       __full_io_exit_
Module: C:\WATCOM/lib386\math387r.lib(bufld386)
0041232c       __ZBuf2LD
Module: C:\WATCOM/lib386\math387r.lib(inf_nan.c)
004123cf*      ___f_infinity
004123d3*      ___f_posqnan
004123d7       ___d_infinity
004123df       ___d_posqnan
004123e7*      ___ld_infinity
004123ef*      ___ld_posqnan
Module: C:\WATCOM/lib386/nt\clib3r.lib(hugeval.c)
00412400       __HugeValue
Module: C:\WATCOM/lib386/nt\clib3r.lib(mbconv.c)
00412410       _mbvtop_
Module: C:\WATCOM/lib386/nt\clib3r.lib(amblksiz.c)
00417fec       __amblksiz
Module: C:\WATCOM/lib386/nt\clib3r.lib(heapen.c)
00412430*      _heapenable_
00417ff0       ___heap_enabled
Module: C:\WATCOM/lib386/nt\clib3r.lib(nheapmin.c)
00412460       _nheapshrink_
00412460*      _nheapmin_
00412460*      _heapmin_
00412460       _heapshrink_
Module: C:\WATCOM/lib386/nt\clib3r.lib(locmktim.c)
00412550       __local_mktime_
Module: C:\WATCOM/lib386/nt\clib3r.lib(gmtime.c)
004126d0       __brktime_
004127d0+      _gmtime_
004127f0*      gmtime_
Module: C:\WATCOM/lib386/nt\clib3r.lib(tzset.c)
00417ff4       ___start_dst
00418018       ___end_dst
00418140*      _tzname
00418148       _timezone
0041814c       _daylight
00418150       ___dst_adjust
00412860*      __DontCacheOSTZ_
00412870*      __CacheOSTZ_
00412d50+      __parse_tz_
00413140       tzset_
Module: C:\WATCOM/lib386/nt\clib3r.lib(timeutil.c)
004132b0       __isindst_
Module: C:\WATCOM/lib386/nt\clib3r.lib(mbclen.c)
004135e0       _mbclen_
Module: C:\WATCOM/lib386/nt\clib3r.lib(mbccmp.c)
00413610       _mbccmp_
Module: C:\WATCOM/lib386/nt\clib3r.lib(mbinit.c)
00413685       __mbinit_
00418158       ___MBCodePage
Module: C:\WATCOM/lib386\math387r.lib(ldclass.c)
00413773       __LDClass_
004137c3*      _FLClass_
Module: C:\WATCOM/lib386/nt\flib7.lib(_matherr.c)
004137e0*      __imath2err_
00413820*      __amath1err_
00413850*      __amath2err_
00413880       __math2err_
00413990       __math1err_
004139a0*      __zmath2err_
00413a00*      __qmath2err_
Module: C:\WATCOM/lib386\math387r.lib(math87e.c)
00413a66       __math87_err_
Module: C:\WATCOM/lib386/nt\clib3r.lib(initargv.c)
00413ae0       __Init_Argv_
00413b30+      _getargv_
00413cd0       __Fini_Argv_
Module: C:\WATCOM/lib386/nt\clib3r.lib(trdalloc.c)
00413ce0       __FiniThreadProcessing_
Module: C:\WATCOM/lib386/nt\clib3r.lib(thredwnt.c)
00413da0       __CBeginThread_
00413e40       __CEndThread_
Module: C:\WATCOM/lib386/nt\clib3r.lib(strtol.c)
004140a0*      strtoul_
004140b0       strtol_
Module: C:\WATCOM/lib386/nt\clib3r.lib(putenv.c)
004140c0       putenv_
00414350       __putenv_
Module: C:\WATCOM/lib386/nt\clib3r.lib(fclose.c)
004144c0+      __doclose_
00414560       __shutdown_stream_
00414580*      fclose_
0041a108+      ___RmTmpFileFn
Module: C:\WATCOM/lib386/nt\clib3r.lib(freefp.c)
004145d0       __freefp_
00414620       __purgefp_
Module: C:\WATCOM/lib386/nt\clib3r.lib(leapyear.c)
00414650       __leapyear_
00417120       ___diyr
0041713a       ___dilyr
Module: C:\WATCOM/lib386/nt\clib3r.lib(wcstombs.c)
00414690       wcstombs_
Module: C:\WATCOM/lib386/nt\clib3r.lib(histsplt.c)
0041a10c       ___historical_splitparms
Module: C:\WATCOM/lib386/nt\clib3r.lib(mbslen.c)
00414730       _mbslen_
Module: C:\WATCOM/lib386/nt\clib3r.lib(mbstowcs.c)
00414760       mbstowcs_
Module: C:\WATCOM/lib386/nt\clib3r.lib(uputenv.c)
004147e0*      _wputenv_
00414a00       __wputenv_
Module: C:\WATCOM/lib386/nt\clib3r.lib(flush.c)
00414b00       __flush_
Module: C:\WATCOM/lib386/nt\clib3r.lib(wctomb.c)
00414c00       wctomb_
Module: C:\WATCOM/lib386/nt\clib3r.lib(mbtowc.c)
00414c40       mbtowc_
Module: C:\WATCOM/lib386/nt\clib3r.lib(ustrchr.c)
00414cd0       wcschr_
Module: C:\WATCOM/lib386/nt\clib3r.lib(setenvar.c)
00414cf0       __lib_SetEnvironmentVariableW_
Module: C:\WATCOM/lib386/nt\clib3r.lib(crtwenv.c)
00414de0       __create_wide_environment_
Module: C:\WATCOM/lib386/nt\clib3r.lib(utoupper.c)
00414e48       towupper_
Module: C:\WATCOM/lib386/nt\clib3r.lib(fsync.c)
00414e60       fsync_
Module: C:\WATCOM/lib386/nt\clib3r.lib(qwrit.c)
00414eb0       __qwrite_


                        +----------------------+
                        |   Imported Symbols   |
                        +----------------------+

Symbol                              Module
======                              ======

_GetEnvironmentStringsA@0           KERNEL32.DLL
_GetVersion@0                       KERNEL32.DLL
_GetModuleFileNameA@12              KERNEL32.DLL
_GetCommandLineA@0                  KERNEL32.DLL
_GetCommandLineW@0                  KERNEL32.DLL
_FreeEnvironmentStringsA@4          KERNEL32.DLL
_GetModuleHandleA@4                 KERNEL32.DLL
_ExitProcess@4                      KERNEL32.DLL
_RtlUnwind@16                       KERNEL32.DLL
_GetFullPathNameA@16                KERNEL32.DLL
_GetFileType@4                      KERNEL32.DLL
_GetFileInformationByHandle@8       KERNEL32.DLL
_GetFileTime@16                     KERNEL32.DLL
_GetFileSize@8                      KERNEL32.DLL
_CreateFileA@28                     KERNEL32.DLL
_CloseHandle@4                      KERNEL32.DLL
_GetLastError@0                     KERNEL32.DLL
_GetDriveTypeA@4                    KERNEL32.DLL
_FindFirstFileA@8                   KERNEL32.DLL
_FindClose@4                        KERNEL32.DLL
_GetCurrentThreadId@0               KERNEL32.DLL
_SetStdHandle@8                     KERNEL32.DLL
_CreateEventA@16                    KERNEL32.DLL
_GetStdHandle@4                     KERNEL32.DLL
_GetModuleFileNameW@12              KERNEL32.DLL
_MultiByteToWideChar@24             KERNEL32.DLL
_LoadLibraryA@4                     KERNEL32.DLL
_GetProcAddress@8                   KERNEL32.DLL
_WriteFile@20                       KERNEL32.DLL
_SetUnhandledExceptionFilter@4      KERNEL32.DLL
_UnhandledExceptionFilter@4         KERNEL32.DLL
_VirtualQuery@12                    KERNEL32.DLL
_MessageBoxA@16                     USER32.DLL
_GetFileAttributesA@4               KERNEL32.DLL
_GetCurrentDirectoryA@8             KERNEL32.DLL
_FileTimeToLocalFileTime@8          KERNEL32.DLL
_FileTimeToDosDateTime@12           KERNEL32.DLL
_DosDateTimeToFileTime@12           KERNEL32.DLL
_LocalFileTimeToFileTime@8          KERNEL32.DLL
_FindNextFileA@8                    KERNEL32.DLL
_FormatMessageA@28                  KERNEL32.DLL
_SetFilePointer@16                  KERNEL32.DLL
_DeleteFileA@4                      KERNEL32.DLL
_SetEndOfFile@4                     KERNEL32.DLL
_ReadFile@20                        KERNEL32.DLL
_SetConsoleCtrlHandler@8            KERNEL32.DLL
_TlsGetValue@4                      KERNEL32.DLL
_TlsSetValue@8                      KERNEL32.DLL
_CharUpperA@4                       USER32.DLL
_VirtualAlloc@16                    KERNEL32.DLL
_InitializeCriticalSection@4        KERNEL32.DLL
_DeleteCriticalSection@4            KERNEL32.DLL
_LeaveCriticalSection@4             KERNEL32.DLL
_EnterCriticalSection@4             KERNEL32.DLL
_SetLastError@4                     KERNEL32.DLL
_TlsAlloc@0                         KERNEL32.DLL
_TlsFree@4                          KERNEL32.DLL
_VirtualFree@12                     KERNEL32.DLL
_GetTimeZoneInformation@4           KERNEL32.DLL
_GetACP@0                           KERNEL32.DLL
_GetOEMCP@0                         KERNEL32.DLL
_GetCPInfo@8                        KERNEL32.DLL
_CreateThread@24                    KERNEL32.DLL
_ResumeThread@4                     KERNEL32.DLL
_ExitThread@4                       KERNEL32.DLL
_SetEnvironmentVariableA@8          KERNEL32.DLL
_WideCharToMultiByte@32             KERNEL32.DLL
_SetEnvironmentVariableW@8          KERNEL32.DLL
_FlushFileBuffers@4                 KERNEL32.DLL


                        +--------------------+
                        |   Libraries Used   |
                        +--------------------+

C:\WATCOM/lib386/nt\kernel32.lib
C:\WATCOM/lib386/nt\user32.lib
C:\WATCOM/lib386/nt\flib7.lib
C:\WATCOM/lib386\math387r.lib
C:\WATCOM/lib386/nt\clib3r.lib
C:\WATCOM/lib386/nt\emu387.lib


                        +-----------------------+
                        |   Linker Statistics   |
                        +-----------------------+

Stack size:  00010000 (65536.)
Memory size:  000279c4 (162244.)
Entry point address: 004020d6
Link time: 00:00.34
