Open Watcom Linker Version 1.9
Portions Copyright (c) 1985-2002 Sybase, Inc. All Rights Reserved.
Created on:       17/02/18 17:13:40
Executable Image: Lab2.exe
creating a Windows NT character-mode executable


                        +------------+
                        |   Groups   |
                        +------------+

Group                           Address              Size
=====                           =======              ====

.idata                          00415000             00000786
DGROUP                          00416000             00013110



                        +--------------+
                        |   Segments   |
                        +--------------+

Segment                Class          Group          Address         Size
=======                =====          =====          =======         ====

BEGTEXT                CODE           AUTO           00401000        00000007
_TEXT                  CODE           AUTO           00401010        00013e20
TRANSFER CODE          CODE           AUTO           00414e30        0000019e
.idata                 .idata         .idata         00415000        00000786
_NULL                  BEGDATA        DGROUP         00416000        00000004
_AFTERNULL             BEGDATA        DGROUP         00416004        00000000
CONST                  DATA           DGROUP         00416010        00000144
_DATA                  DATA           DGROUP         00416160        00001088
XIB                    DATA           DGROUP         004171e8        00000000
XI                     DATA           DGROUP         004171e8        0000004e
XIE                    DATA           DGROUP         00417236        00000000
YIB                    DATA           DGROUP         00417236        00000000
YI                     DATA           DGROUP         00417236        00000030
YIE                    DATA           DGROUP         00417266        00000000
CONST2                 DATA           DGROUP         00417268        00000000
DATA32                 DATA           DGROUP         00417268        00000134
TIB                    DATA           DGROUP         0041739c        00000000
TI                     DATA           DGROUP         0041739c        00000000
TIE                    DATA           DGROUP         0041739c        00000000
DATA                   DATA           DGROUP         0041739c        00000000
BASE                   BASE           DGROUP         00418000        00000018
CONST32                CONST          DGROUP         00418018        00000000
_BSS                   BSS            DGROUP         00418020        000010f0
BSS32                  BSS            DGROUP         00419110        00000000
STACK                  STACK          DGROUP         00419110        00010000


                        +----------------+
                        |   Memory Map   |
                        +----------------+

* = unreferenced symbol
+ = symbol only referenced locally

Address        Symbol
=======        ======

Module: main.obj(C:\WATCOM\projects\lab2\main.for)
00401010       FMAIN
00401095+      CALCULATIONS
00418000+      BASE
Module: C:\WATCOM/lib386/nt\flib7.lib(cowrite)
004012d2       RT@IOWrite
004012e1*      RT@OutLOG1
004012f3*      RT@OutLOG4
00401301*      RT@OutINT1
00401313*      RT@OutINT2
00401323*      RT@OutINT4
00401332       RT@OutREAL
00401342*      RT@OutDBLE
00401352*      RT@OutXTND
00401362*      RT@OutCPLX
00401378*      RT@OutDBCX
0040138e*      RT@OutXTCX
004013a4       RT@OutCHAR
004013a9*      RT@OutSTR
004013ae*      RT@PrtArr
004013b3*      RT@PrtChArr
Module: C:\WATCOM/lib386/nt\flib7.lib(cortns)
00416188*      _FRT_SaveESP
004013c3*      SwitchToGen
004013e1       SwitchToRT
004013ff       RdWrCommon
004014a3       IOType_
004014c1       IOChar
004014dc       IOStr
004014f1       IOArr
0040150c       IOChArr
0040152e       RT@EndIO
Module: C:\WATCOM/lib386/nt\flib7.lib(coread)
00401538       RT@IORead
00401547*      RT@InpLOG1
00401556*      RT@InpLOG4
00401565*      RT@InpINT1
00401574*      RT@InpINT2
00401583*      RT@InpINT4
00401592       RT@InpREAL
004015a1*      RT@InpDBLE
004015b0*      RT@InpXTND
004015bf*      RT@InpCPLX
004015ce*      RT@InpDBCX
004015dd*      RT@InpXTCX
004015ec*      RT@InpCHAR
004015f1*      RT@InpSTR
004015f6*      RT@InpArr
004015fb*      RT@InpChArr
Module: C:\WATCOM/lib386/nt\flib7.lib(setunit.c)
00401600       RT@SetUnit
Module: C:\WATCOM/lib386/nt\flib7.lib(setfile.c)
00401640       RT@SetFile
Module: C:\WATCOM/lib386/nt\flib7.lib(exopen.c)
00401d90       RT@IOOpen
004161a8+      _AccModTab
004161b8+      _FormTab
004161c4+      _OpStatTab
004161d8+      _BlnkTab
004161e4+      _RecFmTab
004161f4+      _CCtrlTab
00416200+      _ActionTab
00416210+      _ShareTab
Module: C:\WATCOM/lib386/nt\flib7.lib(setfmt.c)
00401db0       RT@SetFmt
Module: C:\WATCOM/lib386\math387r.lib(fchop87)
00401dd0       __CHP
Module: C:\WATCOM/lib386\math387r.lib(trig87)
00401e35*      sin_
00401e29*      cos_
00401e56*      tan_
00401de8*      IF@COS
00401de8*      IF@DCOS
00401df2*      IF@SIN
00401df2*      IF@DSIN
00401e41       IF@TAN
00401e41*      IF@DTAN
Module: C:\WATCOM/lib386/nt\flib7.lib(exclose.c)
00401f60       RT@IOClose
Module: C:\WATCOM/lib386/nt\clib3r.lib(cstrtwnt)
00401f76       _cstart_
00401f76*      mainCRTStartup
Module: C:\WATCOM/lib386/nt\clib3r.lib(_8087)
00416244       __8087
00416245       __real87
Module: C:\WATCOM/lib386/nt\emu387.lib(386)
00401fd4       __init_387_emulator
00401fd5*      __fini_387_emulator
Module: C:\WATCOM/lib386/nt\flib7.lib(initeng.c)
00418020       __init_english
Module: C:\WATCOM/lib386/nt\flib7.lib(initerr.c)
00418024       __init_error
Module: C:\WATCOM/lib386/nt\flib7.lib(exwrite.c)
00402050       DoWrite_
Module: C:\WATCOM/lib386/nt\flib7.lib(setiocb.c)
00402080       RT@SetIOCB
Module: C:\WATCOM/lib386/nt\flib7.lib(rdata.c)
00418030       _IORslt
00418040       _FmtBuff
00418044*      _Fmt_revert
00418048*      _Fmt_start
0041804c*      _Fmt_paren_level
00418050*      _Fmt_charptr
00418054*      _FmtEmStruct
00418058       _IOTypeRtn
0041805c*      _Fmt_end
00418060*      _Fmt_rep_spec
00418064       _FmtRoutine
00418068       _IOCB
0041806c       _Files
00418070*      _Fmt_delimited
Module: C:\WATCOM/lib386/nt\flib7.lib(iomain.c)
00402110       __ReleaseIOSys_
00402130       IOMain_
Module: C:\WATCOM/lib386/nt\clib3r.lib(crwdata)
0041628c       __osmajor
0041628d       __osminor
0041628e       __osbuild
00416290       __osver
00416294       __winmajor
00416298       __winminor
0041629c       __winver
00416258       __LpDllName
0041625c       __LpwCmdLine
00416260       __LpwPgmName
00416264       __LpwDllName
00416250       __LpCmdLine
00416254       __LpPgmName
00416248*      __dynend
0041624c       __curbrk
00416268*      __STACKLOW
0041626c       __STACKTOP
00416270       __ASTACKSIZ
00416274       __ASTACKPTR
00416278*      __cbyte
0041627c*      __cbyte2
00416280*      __child
00416286       __Envptr
0041628a*      __Envseg
00416284       __no87
004162a0       ___FPE_handler
Module: C:\WATCOM/lib386/nt\flib7.lib(thrdutil.c)
00402340*      __InitMultiThreadIO_
004162a8       ___SwitchStkLow
Module: C:\WATCOM/lib386/nt\flib7.lib(exread.c)
004023d0       DoRead_
Module: C:\WATCOM/lib386/nt\flib7.lib(rtutls.c)
00402420       FindFtnFile_
00402510       RChkAlloc_
00402540       F_Connect_
004025c0       ConnectFile_
004025d0       GetFileInfo_
004026c0       DiscoFile_
00402730*      ChkFileName_
00402760+      ChkLogFile_
004027a0       ChkIOOperation_
004027e0       GetIOErr_
004027f0       ChkIOErr_
00402810       ChkUnitId_
00402850*      ChkConnected_
00402870       SetEOF_
004028a0       ClearEOF_
004028e0       SysEOF_
00402910       IsFixed_
00402920       IsCarriage_
00402930*      ChkRecordStructure_
00402960*      ChkSequential_
00402980*      ChkExist_
004029b0       StrItem_
Module: C:\WATCOM/lib386/nt\flib7.lib(exutil.c)
00402a30       FindKWord_
00402ac0*      ClrBuff_
004162ac       _SpecId
Module: C:\WATCOM/lib386/nt\flib7.lib(ioerr.c)
00402b10       IOErr_
Module: C:\WATCOM/lib386/nt\flib7.lib(rtsysutl.c)
00402ba0       GetSysIOInfo_
00402bc0       GetSysFileInfo_
00402bf0       IsDevice_
00402dc0       OpenAction_
00402e00*      DfltRecType_
00402e20+      _FileAttrs_
00402ee0       CloseFile_
00402f50       Scrtched_
00402f70       CloseDeleteFile_
00402fc0       Errf_
00402fe0       FPutBuff_
00403050       FGetBuff_
004030a0       SeekFile_
004030c0       NoEOF_
004030d0       SysClearEOF_
004030e0       SameFile_
004030f0*      Rewindf_
00403110       SysCreateFile_
00403150       CheckLogicalRecord_
00403170       SkipLogicalRecord_
00403190*      BackSpacef_
004031c0*      EndFilef_
00403200       GetIOErrMsg_
00403240       ReportNExist_
00403260       ReportEOF_
00403270*      WaitForEnter_
Module: C:\WATCOM/lib386/nt\flib7.lib(runmain.c)
00403280*      __InitUnit6CC_
00403290       __DevicesCC_
004032a0*      __InitAllowCommaSeparator_
004032b0       __AllowCommaSep_
004032c0+      _InitIO_
00403330+      CloseAllFiles_
00403370*      _FiniEx_
00403370       RunExit_
004033b0       RunEntry_
Module: C:\WATCOM/lib386/nt\flib7.lib(rdwr.c)
004033e0       DoOpen_
00403410+      _AllocBuffer_
00403450       IOPrologue_
00403690       UpdateRecNum_
Module: C:\WATCOM/lib386/nt\flib7.lib(rfmtexec.c)
00404000       R_FExec_
Module: C:\WATCOM/lib386/nt\clib3r.lib(chipvar)
004162d8       ___chipbug
004162d8       __chipbug
Module: C:\WATCOM/lib386/nt\clib3r.lib(chipt32.asm)
0040402c       __fptan_chk
Module: C:\WATCOM/lib386/nt\clib3r.lib(main2wnt.c)
004040e0       __NTMain
Module: C:\WATCOM/lib386/nt\clib3r.lib(segdefns)
00401003       ___begtext
00416000*      __nullarea
004171e8       __Start_XI
00417236       __End_XI
00417236       __Start_YI
00417266       __End_YI
Module: C:\WATCOM/lib386/nt\clib3r.lib(chk8087.c)
00404160*      _fpreset_
004041a0       __chk8087_
004041b0*      __init_8087_
Module: C:\WATCOM/lib386/nt\flib7.lib(english.c)
00404200       __UseEnglishCharSet_
Module: C:\WATCOM/lib386/nt\flib7.lib(errincl.c)
00404310       __InitError_
004162dc+      _PGroupTable
004162e0+      _PErrWord
Module: C:\WATCOM/lib386/nt\flib7.lib(unfmtout.c)
00404410       UnFmtOut_
Module: C:\WATCOM/lib386/nt\flib7.lib(freeout.c)
00404860       FreeOut_
004162e4+      _OutRtn
Module: C:\WATCOM/lib386/nt\flib7.lib(rtinit.c)
00416318       ___FAppType
0041631c       __ExceptionInit
00416320       __ExceptionFini
00404950*      __InitFThreadData_
00404990+      RTSysFini_
004049a0       RTSysInit_
00416328       __AccessFIO
0041632c       __ReleaseFIO
00416330       __PartialReleaseFIO
00418078       ___FThreadDataOffset
00417206*      ___fthread_data_size
Module: C:\WATCOM/lib386/nt\clib3r.lib(mainwnt.c)
00416334       ___TlsIndex
00416338       ___FirstThreadData
0041633c       ___GetThreadPtr
00416340       __AccessFileH
00416344       __ReleaseFileH
00416348       __AccessIOB
0041634c       __ReleaseIOB
00416350       __AccessNHeap
00416354       __AccessFHeap
00416358       __ReleaseNHeap
00404a10*      __threadid_
00404a30+      __sig_null_rtn_
00404a40+      __NTInit_
00404c20+      __NTFini_
00404c80       __NTMainInit_
00404ce0       __exit_
0041635c       __ReleaseFHeap
00416360       __AccessTDList
00416364       __ReleaseTDList
00416368       __AccessFList
0041636c       __ReleaseFList
00416370       __ThreadExitRtn
00416374       ___sig_init_rtn
00416378       ___sig_fini_rtn
0041637c       ___process_fini
00418084       ___Is_DLL
Module: C:\WATCOM/lib386/nt\flib7.lib(ioinit.c)
00404d40       IOSysInit_
Module: C:\WATCOM/lib386/nt\flib7.lib(rterr.c)
00416384+      _TraceRoutine
00404d90+      FlushStdUnit_
00404de0+      WriteErr_
00404eb0       ErrHandler_
00404ef0       RTErr_
00416390+      LG@ERR_HOOK
Module: C:\WATCOM/lib386/nt\flib7.lib(spawn.c)
00404f20       Spawn_
00404f80       Suicide_
Module: C:\WATCOM/lib386/nt\flib7.lib(unfmtin.c)
00404fc0       UnFmtIn_
00405060+      NextUnFmtRec_
Module: C:\WATCOM/lib386/nt\flib7.lib(freein.c)
00405440+      GetNum_
00405640       FreeIn_
00405650*      DoFreeIn_
00405680+      BumpComma_
004056b0+      Blanks_
004056d0+      CheckEor_
Module: C:\WATCOM/lib386/nt\flib7.lib(fdutil.c)
00405ce0       LocFile_
00405cf0       LocUnit_
00405d20       ExtractInfo_
Module: C:\WATCOM/lib386/nt\flib7.lib(rstdio.c)
00405e50       _InitStandardInput_
00405e80       _InitStandardOutput_
Module: C:\WATCOM/lib386/nt\flib7.lib(rmemmgr.c)
00405eb0       RMemAlloc_
00405ec0       RMemFree_
Module: C:\WATCOM/lib386/nt\clib3r.lib(memset.c)
00405ed0       memset_
Module: C:\WATCOM/lib386/nt\flib7.lib(deffname.c)
00416394       _DefFName
Module: C:\WATCOM/lib386/nt\flib7.lib(stracc.c)
00405ef0       TrimStr_
00405f30       GetStr_
Module: C:\WATCOM/lib386/nt\clib3r.lib(memicmp.c)
00405f60       memicmp_
Module: C:\WATCOM/lib386/nt\flib7.lib(blderr.c)
00406020       Substitute_
004061e0       ErrCodOrg_
Module: C:\WATCOM/lib386/nt\clib3r.lib(accsswnt.c)
004061f0       access_
Module: C:\WATCOM/lib386/nt\clib3r.lib(fullpath.c)
00406230+      _sys_fullpath_
004062b0       _fullpath_
Module: C:\WATCOM/lib386/nt\clib3r.lib(fstatwnt.c)
00406320       fstat_
Module: C:\WATCOM/lib386/nt\flib7.lib(poserr.c)
00406680       Errorf_
004066a0*      EOFile_
004066c0       ErrorMsg_
00406700       FSetTrunc_
00406710       FSetSysErr_
00406730       FSetErr_
00406750       FSetEof_
00406770       IOOk_
Module: C:\WATCOM/lib386/nt\clib3r.lib(statwnt.c)
00406895       stat_
Module: C:\WATCOM/lib386/nt\flib7.lib(posopen.c)
00406ad0       InitStd_
00406b90       SetIOBufferSize_
00406bb0+      _AllocFile_
00406ca0       Openf_
00406d90       Closef_
Module: C:\WATCOM/lib386/nt\flib7.lib(posdat.c)
00416584       _FStdIn
00416588       _FStdOut
0041658c       _FStdErr
Module: C:\WATCOM/lib386/nt\flib7.lib(posflush.c)
00406e10       FlushBuffer_
Module: C:\WATCOM/lib386/nt\flib7.lib(posdel.c)
00406ec0       Scratchf_
Module: C:\WATCOM/lib386/nt\clib3r.lib(nodefwin.c)
00416590*      __WindowsIsWindowedHandle
00416594*      __WindowsRemoveWindowedHandle
00416598*      __WindowsNewWindow
0041659c*      __WindowsCloseWindow
004165a0*      __WindowsSetAbout
004165a4*      __WindowsSetAppTitle
004165a8*      __WindowsSetConTitle
004165ac*      __WindowsDestroyOnClose
004165b0*      __WindowsYieldControl
004165b4*      __WindowsShutDown
004165b8*      __WindowsStdin
004165bc       __WindowsStdout
004165c0*      __WindowsKbhit
004165c4*      __WindowsGetch
004165c8*      __WindowsGetche
004165cc*      __WindowsPutch
00406ee0*      _dwShutDown_
00406ee0*      _dwYield_
00406ee0*      _dwSetConTitle_
00406ee0*      _dwSetAppTitle_
00406ee0*      _dwSetAboutDlg_
00406ee0       _dwDeleteOnClose_
004165d0*      __WindowsExitRtn
004186a0*      __init_default_win
Module: C:\WATCOM/lib386/nt\flib7.lib(posput.c)
00406ef0       FPutRec_
00406f30       ChopFile_
00406f80*      PutRec_
004070a0       writebytes_
00407120       SysWrite_
Module: C:\WATCOM/lib386/nt\flib7.lib(posget.c)
00407260       readbytes_
00407330       SysRead_
004077a0       FGetRec_
004077d0*      GetRec_
004077f0       GetStdChar_
00407840       FCheckLogical_
004078c0       FSkipLogical_
00407990*      FGetVarRecLen_
Module: C:\WATCOM/lib386/nt\flib7.lib(posseek.c)
00407a80       FSeekRec_
00407ac0       CurrFileOffset_
00407ac0       FGetFilePos_
00407ae0       SysSeek_
00407cd0*      FSeekAbs_
Module: C:\WATCOM/lib386/nt\clib3r.lib(stricmp.c)
00407ce0       stricmp_
Module: C:\WATCOM/lib386/nt\flib7.lib(posrew.c)
00407d20       FRewind_
Module: C:\WATCOM/lib386/nt\flib7.lib(posback.c)
00407d90       FBackspace_
Module: C:\WATCOM/lib386/nt\flib7.lib(postrunc.c)
00407e70       FTruncate_
Module: C:\WATCOM/lib386/nt\clib3r.lib(errno.c)
00407e90       __get_errno_ptr_
00407ea0*      __get_doserrno_ptr_
Module: C:\WATCOM/lib386/nt\flib7.lib(sdfile.c)
004165d4*      _FFCtrlSeq
004165d6*      _SkipCtrlSeq
004165d8       _NormalCtrlSeq
004165da       _SDTermIn
004165de       _SDTermOut
004165e2*      _SDPrtName
Module: C:\WATCOM/lib386/nt\flib7.lib(wrutils.c)
00407eb0       F_SendData_
00407f10*      SendLine_
00407f20       SendEOR_
00407fb0*      SendInt_
00407fe0       SendStr_
00408000+      SendWSLStr_
00408020       SendChar_
00408040       Drop_
00408200       IOItemResult_
Module: C:\WATCOM/lib386/nt\flib7.lib(rfmtutil.c)
004082b0       R_ChkType_
004082e0       R_NewRec_
00408320       R_ChkIType_
00408350       R_ChkFType_
00408380       R_ChkRecLen_
004083a0+      GetLen_
004083e0       R_FOStr_
004083f0*      FOString_
00408460       R_FIStr_
00408520       R_FOLog_
00408570       R_FILog_
00408650       R_FIFloat_
00408840       GetReal_
00408950       R_FOF_
004089d0       R_FOE_
00408b10+      FmtH2B_
00408c00       R_FIHex_
00408d80       R_FOHex_
00408d90*      FOHex_
00408e90       R_FIInt_
00408fa0       R_FOInt_
00409200       R_FOG_
00409480+      ChkBuffLen_
Module: C:\WATCOM/lib386/nt\flib7.lib(arrayio.c)
00409540       ArrayIOType_
Module: C:\WATCOM/lib386/nt\clib3r.lib(chipbug.c)
004095c0       __verify_pentium_fdiv_bug_
Module: C:\WATCOM/lib386/nt\clib3r.lib(initrtns.c)
00409630       __InitRtns
00409680       __FiniRtns
Module: C:\WATCOM/lib386/nt\clib3r.lib(mthrdini.c)
004096e0       __InitThreadData_
004165e8       ___ThreadDataSize
Module: C:\WATCOM/lib386/nt\clib3r.lib(cmain386.c)
00409710       __CMain
Module: C:\WATCOM/lib386/nt\clib3r.lib(dosseg)
00001234       __DOSseg__
Module: C:\WATCOM/lib386/nt\clib3r.lib(8087cw.c)
004165ec       __8087cw
Module: C:\WATCOM/lib386/nt\clib3r.lib(save8087.c)
004165f0       ___Save8087
004165f4       ___Rest8087
Module: C:\WATCOM/lib386/nt\clib3r.lib(init8087)
00409754       __x87id
Module: C:\WATCOM/lib386/nt\flib7.lib(csetinfo.c)
004186a4       _CharSetInfo
Module: C:\WATCOM/lib386/nt\flib7.lib(errmsg.c)
00409ac0       _GroupTable
00409b70       _ErrWord
Module: C:\WATCOM/lib386/nt\flib7.lib(errrtns.c)
004186b8       ___ErrorFini
004186bc       ___ErrorInit
004186c0       ___BldErrMsg
Module: C:\WATCOM/lib386/nt\flib7.lib(unfmtutl.c)
0040a1a0       _SizeVars
Module: C:\WATCOM/lib386/nt\flib7.lib(undefcg.c)
0040a240       OutLogCG_
0040a250       OutIntCG_
0040a290+      FmtRealCG_
0040a2c0+      FmtDoubleCG_
0040a2f0+      FmtExtendedCG_
0040a320+      UndefIntCG_
0040a320+      UndefLogCG_
0040a320+      UndefExtendedCG_
0040a320+      UndefDoubleCG_
0040a320+      UndefRealCG_
0040a330+      GetRealCG_
004165f8       _FmtRealRtn
004165fc       _FmtDoubleRtn
00416600       _FmtExtendedRtn
00416604       _SendStrRtn
00416608       _UndefRealRtn
0041660c       _UndefDoubleRtn
00416610       _UndefExtendedRtn
00416614       _UndefLogRtn
00416618       _UndefIntRtn
0041661c       _GetRealRtn
Module: C:\WATCOM/lib386/nt\flib7.lib(cctrl.c)
0040a340       CheckCCtrl_
Module: C:\WATCOM/lib386/nt\flib7.lib(rttraps.c)
0040a4a0       __EnableF77RTExceptionHandling_
0040a4b0       R_TrapInit_
0040a540       R_TrapFini_
0040a550*      __InitExceptionVectors_
Module: C:\WATCOM/lib386/nt\clib3r.lib(atexit.c)
0040a565       atexit_
Module: C:\WATCOM/lib386/nt\clib3r.lib(regdata.c)
0040a5c0       __RegisterThreadDataSize_
Module: C:\WATCOM/lib386/nt\clib3r.lib(hdlman.c)
00416620+      ___NHandles
00416624+      ___OSHandles
00416628+      ___FakeHandles
0040a5f0+      __growPOSIXHandles_
0040a690       __allocPOSIXHandle_
0040a750       __freePOSIXHandle_
0040a770       __getOSHandle_
0040a780       __setOSHandle_
0040a7d0+      __NTGetFakeHandle_
0040a840       __initPOSIXHandles_
0040a920*      __set_handles_
0040a930*      _grow_handles_
Module: C:\WATCOM/lib386/nt\clib3r.lib(environ.c)
00418748       ___env_mask
0041874c       _environ
00418750       __wenviron
Module: C:\WATCOM/lib386/nt\clib3r.lib(getmodfn.c)
0040a970       __lib_GetModuleFileNameW_
Module: C:\WATCOM/lib386/nt\clib3r.lib(strdup.c)
0040aa10       __clib_strdup_
Module: C:\WATCOM/lib386/nt\clib3r.lib(istable.c)
0040aa50       __IsTable
Module: C:\WATCOM/lib386/nt\clib3r.lib(ustrdup.c)
0040ab51       __clib_wcsdup_
Module: C:\WATCOM/lib386/nt\clib3r.lib(nfree.c)
0040ab80       _nfree_
0040ab80       free_
00418754       ___MiniHeapFreeRover
Module: C:\WATCOM/lib386/nt\clib3r.lib(excptwnt.c)
0040b2f0+      ___ReportException@4
0040b740       __DefaultExceptionHandler_
0040b780+      ___ExceptionFilter
0040b990       __NewExceptionFilter_
0040b9c0       __DoneExceptionFilter_
00416634       ___oscode_check_func
00416638       ___raise_func
00418758*      _sw
0041875c       ___ExceptionHandled
0041875d+      ___ReportInvoked
Module: C:\WATCOM/lib386/nt\clib3r.lib(stklmwnt.c)
0040ba00       __init_stack_limits_
Module: C:\WATCOM/lib386/nt\flib7.lib(errutil.c)
0040ba70       BldErrCode_
0040bad0*      MsgFormat_
0040bb00*      MsgBuffer_
00416650+      _PGrpCodes
Module: C:\WATCOM/lib386/nt\clib3r.lib(enterdb.c)
0040bb30       __EnterWVIDEO_
00416654       ___WD_Present
Module: C:\WATCOM/lib386/nt\flib7.lib(stdio.c)
0040bb70       StdBuffer_
0040bb90+      StdWrite_
0040bc70       StdFlush_
0040bca0       StdWriteNL_
Module: C:\WATCOM/lib386/nt\clib3r.lib(setjmp)
0040bcc8       _setjmp_
0040bd01       longjmp_
Module: C:\WATCOM/lib386/nt\clib3r.lib(exit.c)
0040bd89+      __null_int23_exit_
0040bd8a       exit_
0040bdda*      _exit_
00416a60+      ___int23_exit
00416a64+      ___FPE_handler_exit
Module: C:\WATCOM/lib386/nt\flib7.lib(rdutils.c)
0040bdf0       NextRec_
Module: C:\WATCOM/lib386/nt\clib3r.lib(toupper.c)
0040bf00       toupper_
Module: C:\WATCOM/lib386/nt\flib7.lib(chrutils.c)
0040bf10       JmpBlanks_
Module: C:\WATCOM/lib386/nt\flib7.lib(fmtcnvt.c)
0040bf30       FmtS2I_
0040c060       FmtS2F_
Module: C:\WATCOM/lib386/nt\clib3r.lib(getenv.c)
0040c430       getenv_
Module: C:\WATCOM/lib386/nt\clib3r.lib(ltoa.c)
0040c4c0       ultoa_
0040c510       ltoa_
Module: C:\WATCOM/lib386/nt\clib3r.lib(nmalloc.c)
0040c540       _nmalloc_
0040c540       malloc_
00416a68       ___nheapbeg
00416a6c       ___MiniHeapRover
00416a70       ___LargestSizeB4MiniHeapRover
Module: C:\WATCOM/lib386/nt\clib3r.lib(__stos)
0040c640       __STOSB
0040c677*      __STOSD
Module: C:\WATCOM/lib386/nt\clib3r.lib(memmove.c)
0040c6f0       memmove_
Module: C:\WATCOM/lib386/nt\clib3r.lib(itoa.c)
0040c750       utoa_
0040c7a0       itoa_
Module: C:\WATCOM/lib386/nt\clib3r.lib(fgtattr.c)
0040c7d0       __fixed_GetFileAttributesA_
Module: C:\WATCOM/lib386/nt\clib3r.lib(dosret.c)
0040c870*      _dosretax_
0040c880*      _dosret0_
0040c890       __set_errno_dos_
0040c8c0*      __set_errno_dos_reterr_
0040c8d0       __set_errno_nt_
0040c8e0*      __set_errno_nt_reterr_
Module: C:\WATCOM/lib386/nt\clib3r.lib(seterrno.c)
0040c8f4       __set_errno_
0040c902*      __set_EDOM_
0040c910       __set_ERANGE_
0040c91e*      __set_EINVAL_
0040c931       __set_doserrno_
Module: C:\WATCOM/lib386/nt\clib3r.lib(gtcwdwnt.c)
0040c940       getcwd_
Module: C:\WATCOM/lib386/nt\clib3r.lib(iomode.c)
0040c9d0       __GetIOMode_
0040c9f0       __SetIOMode_nogrow_
00416b78       ___NFiles
00416b7c       ___init_mode
00416bcc       ___io_mode
Module: C:\WATCOM/lib386/nt\clib3r.lib(iomodtty.c)
0040ca10       __ChkTTYIOMode_
0040ca50       __IOMode_
Module: C:\WATCOM/lib386/nt\clib3r.lib(ntdirinf.c)
0040ca70       __MakeDOSDT_
0040caa0*      __FromDOSDT_
0040cad0*      __GetNTDirInfo_
0040cb10*      __NTFindNextFileWithAttr_
Module: C:\WATCOM/lib386/nt\clib3r.lib(d2ttime.c)
0040cb70       _d2ttime_
Module: C:\WATCOM/lib386/nt\clib3r.lib(strerror.c)
0040cf10       strerror_
0040cf30*      _strerror_
0040d000*      _doserror_
00416bd0+      __sys_errlist
00416c74+      __sys_nerr
Module: C:\WATCOM/lib386/nt\clib3r.lib(_strcmp)
0040d030       strcmp_
Module: C:\WATCOM/lib386/nt\clib3r.lib(mbspbrk.c)
0040d170       _mbspbrk_
Module: C:\WATCOM/lib386/nt\clib3r.lib(mbsinc.c)
0040d1c0       _mbsinc_
Module: C:\WATCOM/lib386/nt\clib3r.lib(tolower.c)
0040d1f0       tolower_
Module: C:\WATCOM/lib386/nt\clib3r.lib(stiomode.c)
0040d200       __grow_iomode_
0040d2d0+      __shrink_iomode_
0040d310       __SetIOMode_
Module: C:\WATCOM/lib386/nt\clib3r.lib(close.c)
0040d380       close_
Module: C:\WATCOM/lib386/nt\clib3r.lib(openwnt.c)
0040d5a0*      open_
0040d5c0       sopen_
Module: C:\WATCOM/lib386/nt\clib3r.lib(lseek.c)
0040d5f0       lseek_
Module: C:\WATCOM/lib386/nt\flib7.lib(poscc.c)
0040d640*      __LineFeedWithFormFeed_
0040d650       FSetCC_
Module: C:\WATCOM/lib386/nt\clib3r.lib(write.c)
0040d900       write_
Module: C:\WATCOM/lib386/nt\clib3r.lib(unlnkwnt.c)
0040db60       unlink_
Module: C:\WATCOM/lib386/nt\clib3r.lib(chsizwnt.c)
0040dbe0       chsize_
Module: C:\WATCOM/lib386/nt\clib3r.lib(read.c)
0040dcd0       read_
Module: C:\WATCOM/lib386/nt\flib7.lib(ifile.c)
0040de60       SendIFBuff_
0040de90       NextIFBuff_
Module: C:\WATCOM/lib386/nt\flib7.lib(rfmtlog.c)
0040ded0       R_FmtLog_
Module: C:\WATCOM/lib386/nt\flib7.lib(fmtrtns.c)
0040df00       R_F2E_
0040e070       R_F2F_
0040e200       SetMaxPrec_
Module: C:\WATCOM/lib386/nt\flib7.lib(flt86.c)
0040e210       _P1d100
0040e218       _P1d_99
Module: C:\WATCOM/lib386\math387r.lib(pow87)
0040e379*      pow_
0040e220       IF@DPOW
0040e220*      IF@POW
Module: C:\WATCOM/lib386/nt\flib7.lib(hexcnv.c)
0040e3a0       Hex_
0040e3c0*      HSToB_
0040e430       BToHS_
Module: C:\WATCOM/lib386/nt\clib3r.lib(strupr.c)
0040e480       strupr_
Module: C:\WATCOM/lib386/nt\clib3r.lib(cinit.c)
0040e4a0       __CommonInit_
Module: C:\WATCOM/lib386/nt\clib3r.lib(___argc.c)
00418868       ____Argc
0041886c       ____Argv
Module: C:\WATCOM/lib386/nt\flib7.lib(rtmain.c)
0040e4b0       main_
Module: C:\WATCOM/lib386/nt\flib7.lib(expchk.c)
0040e4d0       ToFFormat_
Module: C:\WATCOM/lib386/nt\clib3r.lib(signlwnt.c)
00416c80+      __SignalTable
0040e520+      __SetSignalFunc_
0040e570+      __GetSignalFunc_
0040e5a0+      __GetSignalOSCode_
0040e5d0+      __CheckSignalExCode_
0040e710+      __sigabort_
0040e720       __sigfpe_handler_
0040e770       signal_
0040e800+      raise_
0040e870+      __SigInit_
0040e8c0+      __SigFini_
0040e900+      __sig_init_
Module: C:\WATCOM/lib386/nt\flib7.lib(fptraps.c)
0040e9e0*      __MaskDefaultFPE_
0040ea00       FPTrapInit_
0040ea30       FPTrapFini_
Module: C:\WATCOM/lib386/nt\clib3r.lib(trdlist.c)
0040eaa0       __GetThreadData_
0040eaf0       __ReallocThreadData_
0040ebe0       __AddThreadData_
0040ec60       __RemoveThreadData_
0040ecc0       __ResizeThreadDataList_
0040ecf0       __FreeThreadDataList_
0040ed20*      __ActiveThreads_
Module: C:\WATCOM/lib386/nt\clib3r.lib(nrealloc.c)
0040ed40*      _nrealloc_
0040ed40       realloc_
Module: C:\WATCOM/lib386/nt\clib3r.lib(setenvp.c)
0040edc0       __setenvp_
0040ee80       __freeenvp_
Module: C:\WATCOM/lib386/nt\clib3r.lib(ustrlen.c)
0040eecd       wcslen_
Module: C:\WATCOM/lib386/nt\clib3r.lib(memcpy.c)
0040eee0       memcpy_
Module: C:\WATCOM/lib386/nt\clib3r.lib(mem.c)
0040ef00       __MemAllocator
0040efb0       __MemFree
Module: C:\WATCOM/lib386/nt\clib3r.lib(conutwnt.c)
0040f100*      __NTRealKey_
0040f1b0*      __NTConsoleInput_
0040f1c0       __NTConsoleOutput_
Module: C:\WATCOM/lib386/nt\clib3r.lib(fclex387.c)
0040f1d0       _ClearFPE_
Module: C:\WATCOM/lib386/nt\flib7.lib(errgrp.c)
0040f1e0       _GrpCodes
Module: C:\WATCOM/lib386/nt\clib3r.lib(iob.c)
00416cf4       ___iob
00416efc       __fmode
00418878       ___OpenStreams
0041887c       ___ClosedStreams
Module: C:\WATCOM/lib386/nt\clib3r.lib(setmd.c)
0040f270       setmode_
Module: C:\WATCOM/lib386/nt\clib3r.lib(ljmphdl.c)
00416f00       ___longjmp_handler
Module: C:\WATCOM/lib386/nt\flib7.lib(intarith.c)
0040f370       AddIOFlo_
0040f380*      SubIOFlo_
0040f390       MulIOFlo_
Module: C:\WATCOM/lib386\math387r.lib(strtod.c)
0040f8b3+      __Strtold_
0040fa1a       strtod_
Module: C:\WATCOM/lib386/nt\clib3r.lib(mbterm.c)
0040fb60       _mbterm_
Module: C:\WATCOM/lib386/nt\clib3r.lib(mbsnextc.c)
0040fba0       _mbsnextc_
Module: C:\WATCOM/lib386/nt\clib3r.lib(mbcupper.c)
0040fbe0       _mbctoupper_
Module: C:\WATCOM/lib386/nt\clib3r.lib(alphabet.c)
004160f8       ___Alphabet
Module: C:\WATCOM/lib386/nt\clib3r.lib(nmemneed.c)
0040fc10       __nmemneed_
Module: C:\WATCOM/lib386/nt\clib3r.lib(grownear.c)
0040fd80       __ExpandDGROUP_
Module: C:\WATCOM/lib386/nt\clib3r.lib(isattwnt.c)
0040fda0       isatty_
Module: C:\WATCOM/lib386/nt\clib3r.lib(strncpy.c)
0040fdc0       strncpy_
Module: C:\WATCOM/lib386/nt\clib3r.lib(mktime.c)
0040fe00       mktime_
Module: C:\WATCOM/lib386/nt\clib3r.lib(mbschr.c)
0040fe90       _mbschr_
Module: C:\WATCOM/lib386/nt\clib3r.lib(mbisdbcs.c)
00418880       ___IsDBCS
Module: C:\WATCOM/lib386/nt\clib3r.lib(mbislead.c)
0040fef0*      _ismbblead_
00418884       ___MBCSIsTable
Module: C:\WATCOM/lib386/nt\clib3r.lib(_clsewnt.c)
0040ff10       __close_
Module: C:\WATCOM/lib386/nt\clib3r.lib(ntfio.c)
0040ff70*      __GetNTCreateAttr_
0040ffb0       __GetNTAccessAttr_
0040ffe0       __GetNTShareAttr_
Module: C:\WATCOM/lib386/nt\clib3r.lib(umaskval.c)
00416f04       ___umaskval
Module: C:\WATCOM/lib386/nt\clib3r.lib(__lseek.c)
00410040       __lseek_
Module: C:\WATCOM/lib386/nt\clib3r.lib(stackwnt.c)
00410080       stackavail_
Module: C:\WATCOM/lib386/nt\clib3r.lib(stk)
00410091*      __CHK
004100a1*      __STK
004100c0       __STKOVERFLOW_
004100d0*      __GRO
004100f0*      __alloca_probe
Module: C:\WATCOM/lib386\math387r.lib(ldcvt.c)
004101e3       _LDScale10x_
0041078a       __LDcvt_
Module: C:\WATCOM/lib386\math387r.lib(pow87e.c)
00410bd7       __pow87_err_
Module: C:\WATCOM/lib386\math387r.lib(exp87)
00410cc7*      exp_
00410c60*      __@DEXP1
00410c68*      IF@EXP
00410c68*      IF@DEXP
00410c6a       __@DEXP
Module: C:\WATCOM/lib386/nt\clib3r.lib(chipd32.asm)
00410deb       __fdiv_fpr
004112ad*      __fdiv_chk
004112c0*      __fdiv_m32
0041130d*      __fdiv_m64
0041135a*      __fdiv_m32r
004113a7*      __fdiv_m64r
Module: C:\WATCOM/lib386/nt\clib3r.lib(argcv.c)
00418988       __argc
0041898c       __argv
00418990       ___argv
00418994       ___argc
Module: C:\WATCOM/lib386/nt\clib3r.lib(abort.c)
00411415*      abort_
00411427       __terminate_
00416fd0       ___abort
Module: C:\WATCOM/lib386/nt\clib3r.lib(cntrl87.c)
00411440       _control87_
Module: C:\WATCOM/lib386/nt\clib3r.lib(mthread.c)
00411620+      __CloseSemaphore_
00411660+      __AccessIOB_
00411670+      __ReleaseIOB_
00411680+      __AccessFileH_
00411690+      __ReleaseFileH_
004116a0+      __AccessNHeap_
004116b0+      __ReleaseNHeap_
004116c0+      __AccessFHeap_
004116d0+      __ReleaseFHeap_
004116e0+      __AccessTDList_
004116f0+      __ReleaseTDList_
00411700+      __AccessFList_
00411710+      __AccessSemaphore_
00411770+      __ReleaseFList_
00411780+      __ReleaseSemaphore_
004117b0+      __MultipleThread_
00411800+      __AllocInitThreadData_
00411850*      __FreeInitThreadData_
00411860       __NTThreadInit_
004118d0       __NTAddThread_
00411920       __NTRemoveThread_
004119b0       __InitMultipleThread_
00416fd4+      ___AccessSema4
00416fd8+      ___ReleaseSema4
00416fdc+      ___CloseSema4
Module: C:\WATCOM/lib386/nt\clib3r.lib(xmsgwnt.c)
00411b70+      __exit_with_msg_
00411bd0       __fatal_runtime_error_
Module: C:\WATCOM/lib386/nt\clib3r.lib(calloc.c)
00411bf0       calloc_
Module: C:\WATCOM/lib386/nt\clib3r.lib(register.c)
00411c20       __initthread_
00411c30*      _beginthread_
00411c40       _endthread_
00411c50*      __RegisterThreadData_
Module: C:\WATCOM/lib386/nt\clib3r.lib(nmsize.c)
00411ca0       _nmsize_
00411ca0*      _msize_
Module: C:\WATCOM/lib386/nt\clib3r.lib(nexpand.c)
00411cb0       _nexpand_
00411cb0*      _expand_
00411cf0+      __HeapManager_expand_
Module: C:\WATCOM/lib386/nt\clib3r.lib(dofilstr.c)
00411ed0       __ParsePosixHandleStr_
Module: C:\WATCOM/lib386/nt\clib3r.lib(clearenv.c)
00411ff0       clearenv_
Module: C:\WATCOM/lib386/nt\clib3r.lib(initfile.c)
004120b0       __InitFiles_
Module: C:\WATCOM/lib386/nt\clib3r.lib(ioexit.c)
004121b0*      fcloseall_
004121c0       __full_io_exit_
Module: C:\WATCOM/lib386\math387r.lib(bufld386)
004121cc       __ZBuf2LD
Module: C:\WATCOM/lib386\math387r.lib(inf_nan.c)
0041226f*      ___f_infinity
00412273*      ___f_posqnan
00412277       ___d_infinity
0041227f       ___d_posqnan
00412287*      ___ld_infinity
0041228f*      ___ld_posqnan
Module: C:\WATCOM/lib386/nt\clib3r.lib(hugeval.c)
004122a0       __HugeValue
Module: C:\WATCOM/lib386/nt\clib3r.lib(mbconv.c)
004122b0       _mbvtop_
Module: C:\WATCOM/lib386/nt\clib3r.lib(amblksiz.c)
00416fec       __amblksiz
Module: C:\WATCOM/lib386/nt\clib3r.lib(heapen.c)
004122d0*      _heapenable_
00416ff0       ___heap_enabled
Module: C:\WATCOM/lib386/nt\clib3r.lib(nheapmin.c)
00412300       _nheapshrink_
00412300*      _nheapmin_
00412300*      _heapmin_
00412300       _heapshrink_
Module: C:\WATCOM/lib386/nt\clib3r.lib(locmktim.c)
004123f0       __local_mktime_
Module: C:\WATCOM/lib386/nt\clib3r.lib(gmtime.c)
00412570       __brktime_
00412670+      _gmtime_
00412690*      gmtime_
Module: C:\WATCOM/lib386/nt\clib3r.lib(tzset.c)
00416ff4       ___start_dst
00417018       ___end_dst
00417140*      _tzname
00417148       _timezone
0041714c       _daylight
00417150       ___dst_adjust
00412700*      __DontCacheOSTZ_
00412710*      __CacheOSTZ_
00412bf0+      __parse_tz_
00412fe0       tzset_
Module: C:\WATCOM/lib386/nt\clib3r.lib(timeutil.c)
00413150       __isindst_
Module: C:\WATCOM/lib386/nt\clib3r.lib(mbclen.c)
00413480       _mbclen_
Module: C:\WATCOM/lib386/nt\clib3r.lib(mbccmp.c)
004134b0       _mbccmp_
Module: C:\WATCOM/lib386/nt\clib3r.lib(mbinit.c)
00413525       __mbinit_
00417158       ___MBCodePage
Module: C:\WATCOM/lib386\math387r.lib(ldclass.c)
00413613       __LDClass_
00413663*      _FLClass_
Module: C:\WATCOM/lib386/nt\flib7.lib(_matherr.c)
00413680*      __imath2err_
004136c0*      __amath1err_
004136f0*      __amath2err_
00413720       __math2err_
00413830       __math1err_
00413840*      __zmath2err_
004138a0*      __qmath2err_
Module: C:\WATCOM/lib386\math387r.lib(math87e.c)
00413906       __math87_err_
Module: C:\WATCOM/lib386/nt\clib3r.lib(initargv.c)
00413980       __Init_Argv_
004139d0+      _getargv_
00413b70       __Fini_Argv_
Module: C:\WATCOM/lib386/nt\clib3r.lib(trdalloc.c)
00413b80       __FiniThreadProcessing_
Module: C:\WATCOM/lib386/nt\clib3r.lib(thredwnt.c)
00413c40       __CBeginThread_
00413ce0       __CEndThread_
Module: C:\WATCOM/lib386/nt\clib3r.lib(strtol.c)
00413f40*      strtoul_
00413f50       strtol_
Module: C:\WATCOM/lib386/nt\clib3r.lib(putenv.c)
00413f60       putenv_
004141f0       __putenv_
Module: C:\WATCOM/lib386/nt\clib3r.lib(fclose.c)
00414360+      __doclose_
00414400       __shutdown_stream_
00414420*      fclose_
00419108+      ___RmTmpFileFn
Module: C:\WATCOM/lib386/nt\clib3r.lib(freefp.c)
00414470       __freefp_
004144c0       __purgefp_
Module: C:\WATCOM/lib386/nt\clib3r.lib(leapyear.c)
004144f0       __leapyear_
00416120       ___diyr
0041613a       ___dilyr
Module: C:\WATCOM/lib386/nt\clib3r.lib(wcstombs.c)
00414530       wcstombs_
Module: C:\WATCOM/lib386/nt\clib3r.lib(histsplt.c)
0041910c       ___historical_splitparms
Module: C:\WATCOM/lib386/nt\clib3r.lib(mbslen.c)
004145d0       _mbslen_
Module: C:\WATCOM/lib386/nt\clib3r.lib(mbstowcs.c)
00414600       mbstowcs_
Module: C:\WATCOM/lib386/nt\clib3r.lib(uputenv.c)
00414680*      _wputenv_
004148a0       __wputenv_
Module: C:\WATCOM/lib386/nt\clib3r.lib(flush.c)
004149a0       __flush_
Module: C:\WATCOM/lib386/nt\clib3r.lib(wctomb.c)
00414aa0       wctomb_
Module: C:\WATCOM/lib386/nt\clib3r.lib(mbtowc.c)
00414ae0       mbtowc_
Module: C:\WATCOM/lib386/nt\clib3r.lib(ustrchr.c)
00414b70       wcschr_
Module: C:\WATCOM/lib386/nt\clib3r.lib(setenvar.c)
00414b90       __lib_SetEnvironmentVariableW_
Module: C:\WATCOM/lib386/nt\clib3r.lib(crtwenv.c)
00414c80       __create_wide_environment_
Module: C:\WATCOM/lib386/nt\clib3r.lib(utoupper.c)
00414ce8       towupper_
Module: C:\WATCOM/lib386/nt\clib3r.lib(fsync.c)
00414d00       fsync_
Module: C:\WATCOM/lib386/nt\clib3r.lib(qwrit.c)
00414d50       __qwrite_


                        +----------------------+
                        |   Imported Symbols   |
                        +----------------------+

Symbol                              Module
======                              ======

_GetEnvironmentStringsA@0           KERNEL32.DLL
_GetVersion@0                       KERNEL32.DLL
_GetModuleFileNameA@12              KERNEL32.DLL
_GetCommandLineA@0                  KERNEL32.DLL
_GetCommandLineW@0                  KERNEL32.DLL
_FreeEnvironmentStringsA@4          KERNEL32.DLL
_GetModuleHandleA@4                 KERNEL32.DLL
_ExitProcess@4                      KERNEL32.DLL
_RtlUnwind@16                       KERNEL32.DLL
_GetFullPathNameA@16                KERNEL32.DLL
_GetFileType@4                      KERNEL32.DLL
_GetFileInformationByHandle@8       KERNEL32.DLL
_GetFileTime@16                     KERNEL32.DLL
_GetFileSize@8                      KERNEL32.DLL
_CreateFileA@28                     KERNEL32.DLL
_CloseHandle@4                      KERNEL32.DLL
_GetLastError@0                     KERNEL32.DLL
_GetDriveTypeA@4                    KERNEL32.DLL
_FindFirstFileA@8                   KERNEL32.DLL
_FindClose@4                        KERNEL32.DLL
_GetCurrentThreadId@0               KERNEL32.DLL
_SetStdHandle@8                     KERNEL32.DLL
_CreateEventA@16                    KERNEL32.DLL
_GetStdHandle@4                     KERNEL32.DLL
_GetModuleFileNameW@12              KERNEL32.DLL
_MultiByteToWideChar@24             KERNEL32.DLL
_LoadLibraryA@4                     KERNEL32.DLL
_GetProcAddress@8                   KERNEL32.DLL
_WriteFile@20                       KERNEL32.DLL
_SetUnhandledExceptionFilter@4      KERNEL32.DLL
_UnhandledExceptionFilter@4         KERNEL32.DLL
_VirtualQuery@12                    KERNEL32.DLL
_MessageBoxA@16                     USER32.DLL
_GetFileAttributesA@4               KERNEL32.DLL
_GetCurrentDirectoryA@8             KERNEL32.DLL
_FileTimeToLocalFileTime@8          KERNEL32.DLL
_FileTimeToDosDateTime@12           KERNEL32.DLL
_DosDateTimeToFileTime@12           KERNEL32.DLL
_LocalFileTimeToFileTime@8          KERNEL32.DLL
_FindNextFileA@8                    KERNEL32.DLL
_FormatMessageA@28                  KERNEL32.DLL
_SetFilePointer@16                  KERNEL32.DLL
_DeleteFileA@4                      KERNEL32.DLL
_SetEndOfFile@4                     KERNEL32.DLL
_ReadFile@20                        KERNEL32.DLL
_SetConsoleCtrlHandler@8            KERNEL32.DLL
_TlsGetValue@4                      KERNEL32.DLL
_TlsSetValue@8                      KERNEL32.DLL
_CharUpperA@4                       USER32.DLL
_VirtualAlloc@16                    KERNEL32.DLL
_InitializeCriticalSection@4        KERNEL32.DLL
_DeleteCriticalSection@4            KERNEL32.DLL
_LeaveCriticalSection@4             KERNEL32.DLL
_EnterCriticalSection@4             KERNEL32.DLL
_SetLastError@4                     KERNEL32.DLL
_TlsAlloc@0                         KERNEL32.DLL
_TlsFree@4                          KERNEL32.DLL
_VirtualFree@12                     KERNEL32.DLL
_GetTimeZoneInformation@4           KERNEL32.DLL
_GetACP@0                           KERNEL32.DLL
_GetOEMCP@0                         KERNEL32.DLL
_GetCPInfo@8                        KERNEL32.DLL
_CreateThread@24                    KERNEL32.DLL
_ResumeThread@4                     KERNEL32.DLL
_ExitThread@4                       KERNEL32.DLL
_SetEnvironmentVariableA@8          KERNEL32.DLL
_WideCharToMultiByte@32             KERNEL32.DLL
_SetEnvironmentVariableW@8          KERNEL32.DLL
_FlushFileBuffers@4                 KERNEL32.DLL


                        +--------------------+
                        |   Libraries Used   |
                        +--------------------+

C:\WATCOM/lib386/nt\kernel32.lib
C:\WATCOM/lib386/nt\user32.lib
C:\WATCOM/lib386/nt\flib7.lib
C:\WATCOM/lib386\math387r.lib
C:\WATCOM/lib386/nt\clib3r.lib
C:\WATCOM/lib386/nt\emu387.lib


                        +-----------------------+
                        |   Linker Statistics   |
                        +-----------------------+

Stack size:  00010000 (65536.)
Memory size:  00027864 (161892.)
Entry point address: 00401f76
Link time: 00:00.03
